Archive member included to satisfy reference by file (symbol)

//files.auckland.ac.nz/myhome/Documents/GitHub/ddd-mode-pacemaker-303-group-10/lab2/cs303__de2_lab2/lab2_and_scchart_bsp/\libhal_bsp.a(alt_load.o)
                              //files.auckland.ac.nz/myhome/Documents/GitHub/ddd-mode-pacemaker-303-group-10/lab2/cs303__de2_lab2/lab2_and_scchart_bsp//obj/HAL/src/crt0.o (alt_load)
//files.auckland.ac.nz/myhome/Documents/GitHub/ddd-mode-pacemaker-303-group-10/lab2/cs303__de2_lab2/lab2_and_scchart_bsp/\libhal_bsp.a(alt_main.o)
                              //files.auckland.ac.nz/myhome/Documents/GitHub/ddd-mode-pacemaker-303-group-10/lab2/cs303__de2_lab2/lab2_and_scchart_bsp//obj/HAL/src/crt0.o (alt_main)
//files.auckland.ac.nz/myhome/Documents/GitHub/ddd-mode-pacemaker-303-group-10/lab2/cs303__de2_lab2/lab2_and_scchart_bsp/\libhal_bsp.a(alt_sys_init.o)
                              //files.auckland.ac.nz/myhome/Documents/GitHub/ddd-mode-pacemaker-303-group-10/lab2/cs303__de2_lab2/lab2_and_scchart_bsp/\libhal_bsp.a(alt_main.o) (alt_irq_init)
//files.auckland.ac.nz/myhome/Documents/GitHub/ddd-mode-pacemaker-303-group-10/lab2/cs303__de2_lab2/lab2_and_scchart_bsp/\libhal_bsp.a(altera_avalon_jtag_uart_fd.o)
                              //files.auckland.ac.nz/myhome/Documents/GitHub/ddd-mode-pacemaker-303-group-10/lab2/cs303__de2_lab2/lab2_and_scchart_bsp/\libhal_bsp.a(alt_sys_init.o) (altera_avalon_jtag_uart_read_fd)
//files.auckland.ac.nz/myhome/Documents/GitHub/ddd-mode-pacemaker-303-group-10/lab2/cs303__de2_lab2/lab2_and_scchart_bsp/\libhal_bsp.a(altera_avalon_jtag_uart_init.o)
                              //files.auckland.ac.nz/myhome/Documents/GitHub/ddd-mode-pacemaker-303-group-10/lab2/cs303__de2_lab2/lab2_and_scchart_bsp/\libhal_bsp.a(alt_sys_init.o) (altera_avalon_jtag_uart_init)
//files.auckland.ac.nz/myhome/Documents/GitHub/ddd-mode-pacemaker-303-group-10/lab2/cs303__de2_lab2/lab2_and_scchart_bsp/\libhal_bsp.a(altera_avalon_jtag_uart_ioctl.o)
                              //files.auckland.ac.nz/myhome/Documents/GitHub/ddd-mode-pacemaker-303-group-10/lab2/cs303__de2_lab2/lab2_and_scchart_bsp/\libhal_bsp.a(altera_avalon_jtag_uart_fd.o) (altera_avalon_jtag_uart_ioctl)
//files.auckland.ac.nz/myhome/Documents/GitHub/ddd-mode-pacemaker-303-group-10/lab2/cs303__de2_lab2/lab2_and_scchart_bsp/\libhal_bsp.a(altera_avalon_jtag_uart_read.o)
                              //files.auckland.ac.nz/myhome/Documents/GitHub/ddd-mode-pacemaker-303-group-10/lab2/cs303__de2_lab2/lab2_and_scchart_bsp/\libhal_bsp.a(altera_avalon_jtag_uart_fd.o) (altera_avalon_jtag_uart_read)
//files.auckland.ac.nz/myhome/Documents/GitHub/ddd-mode-pacemaker-303-group-10/lab2/cs303__de2_lab2/lab2_and_scchart_bsp/\libhal_bsp.a(altera_avalon_jtag_uart_write.o)
                              //files.auckland.ac.nz/myhome/Documents/GitHub/ddd-mode-pacemaker-303-group-10/lab2/cs303__de2_lab2/lab2_and_scchart_bsp/\libhal_bsp.a(altera_avalon_jtag_uart_fd.o) (altera_avalon_jtag_uart_write)
//files.auckland.ac.nz/myhome/Documents/GitHub/ddd-mode-pacemaker-303-group-10/lab2/cs303__de2_lab2/lab2_and_scchart_bsp/\libhal_bsp.a(altera_avalon_lcd_16207.o)
                              //files.auckland.ac.nz/myhome/Documents/GitHub/ddd-mode-pacemaker-303-group-10/lab2/cs303__de2_lab2/lab2_and_scchart_bsp/\libhal_bsp.a(alt_sys_init.o) (altera_avalon_lcd_16207_init)
//files.auckland.ac.nz/myhome/Documents/GitHub/ddd-mode-pacemaker-303-group-10/lab2/cs303__de2_lab2/lab2_and_scchart_bsp/\libhal_bsp.a(altera_avalon_lcd_16207_fd.o)
                              //files.auckland.ac.nz/myhome/Documents/GitHub/ddd-mode-pacemaker-303-group-10/lab2/cs303__de2_lab2/lab2_and_scchart_bsp/\libhal_bsp.a(alt_sys_init.o) (altera_avalon_lcd_16207_write_fd)
//files.auckland.ac.nz/myhome/Documents/GitHub/ddd-mode-pacemaker-303-group-10/lab2/cs303__de2_lab2/lab2_and_scchart_bsp/\libhal_bsp.a(altera_avalon_timer_sc.o)
                              //files.auckland.ac.nz/myhome/Documents/GitHub/ddd-mode-pacemaker-303-group-10/lab2/cs303__de2_lab2/lab2_and_scchart_bsp/\libhal_bsp.a(alt_sys_init.o) (alt_avalon_timer_sc_init)
//files.auckland.ac.nz/myhome/Documents/GitHub/ddd-mode-pacemaker-303-group-10/lab2/cs303__de2_lab2/lab2_and_scchart_bsp/\libhal_bsp.a(altera_avalon_uart_fd.o)
                              //files.auckland.ac.nz/myhome/Documents/GitHub/ddd-mode-pacemaker-303-group-10/lab2/cs303__de2_lab2/lab2_and_scchart_bsp/\libhal_bsp.a(alt_sys_init.o) (altera_avalon_uart_read_fd)
//files.auckland.ac.nz/myhome/Documents/GitHub/ddd-mode-pacemaker-303-group-10/lab2/cs303__de2_lab2/lab2_and_scchart_bsp/\libhal_bsp.a(altera_avalon_uart_init.o)
                              //files.auckland.ac.nz/myhome/Documents/GitHub/ddd-mode-pacemaker-303-group-10/lab2/cs303__de2_lab2/lab2_and_scchart_bsp/\libhal_bsp.a(alt_sys_init.o) (altera_avalon_uart_init)
[...]
Memory Configuration

Name             Origin             Length             Attributes
reset            0x0000000000800000 0x0000000000000020
sdram            0x0000000000800020 0x00000000007fffe0
onchip_mem       0x0000000001008000 0x0000000000007800
*default*        0x0000000000000000 0xffffffffffffffff

Linker script and memory map

LOAD //files.auckland.ac.nz/myhome/Documents/GitHub/ddd-mode-pacemaker-303-group-10/lab2/cs303__de2_lab2/lab2_and_scchart_bsp//obj/HAL/src/crt0.o
LOAD obj/default/hello_world.o
LOAD c:/intelfpga/18.1/nios2eds/bin/gnu/h-x86_64-mingw32/bin/../lib/gcc/nios2-elf/5.3.0/../../../../../H-x86_64-mingw32/nios2-elf/lib\libstdc++.a
LOAD c:/intelfpga/18.1/nios2eds/bin/gnu/h-x86_64-mingw32/bin/../lib/gcc/nios2-elf/5.3.0/../../../../../H-x86_64-mingw32/nios2-elf/lib\libm.a
LOAD c:/intelfpga/18.1/nios2eds/bin/gnu/h-x86_64-mingw32/bin/../lib/gcc/nios2-elf/5.3.0\libgcc.a
START GROUP
LOAD c:/intelfpga/18.1/nios2eds/bin/gnu/h-x86_64-mingw32/bin/../lib/gcc/nios2-elf/5.3.0/../../../../../H-x86_64-mingw32/nios2-elf/lib\libc.a
LOAD c:/intelfpga/18.1/nios2eds/bin/gnu/h-x86_64-mingw32/bin/../lib/gcc/nios2-elf/5.3.0\libgcc.a
LOAD //files.auckland.ac.nz/myhome/Documents/GitHub/ddd-mode-pacemaker-303-group-10/lab2/cs303__de2_lab2/lab2_and_scchart_bsp/\libhal_bsp.a
LOAD c:/intelfpga/18.1/nios2eds/bin/gnu/h-x86_64-mingw32/bin/../lib/gcc/nios2-elf/5.3.0/../../../../../H-x86_64-mingw32/nios2-elf/lib\libm.a
END GROUP
LOAD c:/intelfpga/18.1/nios2eds/bin/gnu/h-x86_64-mingw32/bin/../lib/gcc/nios2-elf/5.3.0\libgcc.a
                0x0000000000800000                __alt_mem_sdram = 0x800000
                0x0000000001008000                __alt_mem_onchip_mem = 0x1008000

.entry          0x0000000000800000       0x20
 *(.entry)
 .entry         0x0000000000800000       0x20 //files.auckland.ac.nz/myhome/Documents/GitHub/ddd-mode-pacemaker-303-group-10/lab2/cs303__de2_lab2/lab2_and_scchart_bsp//obj/HAL/src/crt0.o
                0x0000000000800000                __reset

.exceptions     0x0000000000800020      0x224
                0x0000000000800020                PROVIDE (__ram_exceptions_start, ABSOLUTE (.))
                0x0000000000800020                . = ALIGN (0x20)
 *(.irq)
 *(.exceptions.entry.label)
 .exceptions.entry.label
                0x0000000000800020        0x0 //files.auckland.ac.nz/myhome/Documents/GitHub/ddd-mode-pacemaker-303-group-10/lab2/cs303__de2_lab2/lab2_and_scchart_bsp/\libhal_bsp.a(alt_irq_entry.o)
                0x0000000000800020                alt_irq_entry
 .exceptions.entry.label
                0x0000000000800020        0x0 //files.auckland.ac.nz/myhome/Documents/GitHub/ddd-mode-pacemaker-303-group-10/lab2/cs303__de2_lab2/lab2_and_scchart_bsp/\libhal_bsp.a(alt_exception_entry.o)
                0x0000000000800020                alt_exception
 *(.exceptions.entry.user)
 *(.exceptions.entry.ecc_fatal)
 *(.exceptions.entry)
 .exceptions.entry
                0x0000000000800020       0x54 //files.auckland.ac.nz/myhome/Documents/GitHub/ddd-mode-pacemaker-303-group-10/lab2/cs303__de2_lab2/lab2_and_scchart_bsp/\libhal_bsp.a(alt_exception_entry.o)
 *(.exceptions.irqtest.user)
 *(.exceptions.irqtest)
 .exceptions.irqtest
                0x0000000000800074       0x10 //files.auckland.ac.nz/myhome/Documents/GitHub/ddd-mode-pacemaker-303-group-10/lab2/cs303__de2_lab2/lab2_and_scchart_bsp/\libhal_bsp.a(alt_irq_entry.o)
 *(.exceptions.irqhandler.user)
 *(.exceptions.irqhandler)
 .exceptions.irqhandler
                0x0000000000800084        0x4 //files.auckland.ac.nz/myhome/Documents/GitHub/ddd-mode-pacemaker-303-group-10/lab2/cs303__de2_lab2/lab2_and_scchart_bsp/\libhal_bsp.a(alt_irq_entry.o)
 *(.exceptions.irqreturn.user)
 *(.exceptions.irqreturn)
 .exceptions.irqreturn
                0x0000000000800088        0x4 //files.auckland.ac.nz/myhome/Documents/GitHub/ddd-mode-pacemaker-303-group-10/lab2/cs303__de2_lab2/lab2_and_scchart_bsp/\libhal_bsp.a(alt_irq_entry.o)
 *(.exceptions.notirq.label)
 .exceptions.notirq.label
                0x000000000080008c        0x0 //files.auckland.ac.nz/myhome/Documents/GitHub/ddd-mode-pacemaker-303-group-10/lab2/cs303__de2_lab2/lab2_and_scchart_bsp/\libhal_bsp.a(alt_irq_entry.o)
 *(.exceptions.notirq.user)
 *(.exceptions.notirq)
 .exceptions.notirq
                0x000000000080008c        0x8 //files.auckland.ac.nz/myhome/Documents/GitHub/ddd-mode-pacemaker-303-group-10/lab2/cs303__de2_lab2/lab2_and_scchart_bsp/\libhal_bsp.a(alt_exception_entry.o)
 *(.exceptions.soft.user)
 *(.exceptions.soft)
 *(.exceptions.unknown.user)
 *(.exceptions.unknown)
 .exceptions.unknown
                0x0000000000800094       0x14 //files.auckland.ac.nz/myhome/Documents/GitHub/ddd-mode-pacemaker-303-group-10/lab2/cs303__de2_lab2/lab2_and_scchart_bsp/\libhal_bsp.a(alt_exception_entry.o)
 *(.exceptions.exit.label)
 .exceptions.exit.label
                0x00000000008000a8        0x0 //files.auckland.ac.nz/myhome/Documents/GitHub/ddd-mode-pacemaker-303-group-10/lab2/cs303__de2_lab2/lab2_and_scchart_bsp/\libhal_bsp.a(alt_irq_entry.o)
 .exceptions.exit.label
                0x00000000008000a8        0x0 //files.auckland.ac.nz/myhome/Documents/GitHub/ddd-mode-pacemaker-303-group-10/lab2/cs303__de2_lab2/lab2_and_scchart_bsp/\libhal_bsp.a(alt_exception_entry.o)
 *(.exceptions.exit.user)
 *(.exceptions.exit)
 .exceptions.exit
                0x00000000008000a8       0x54 //files.auckland.ac.nz/myhome/Documents/GitHub/ddd-mode-pacemaker-303-group-10/lab2/cs303__de2_lab2/lab2_and_scchart_bsp/\libhal_bsp.a(alt_exception_entry.o)
 *(.exceptions)
 .exceptions    0x00000000008000fc       0xd4 //files.auckland.ac.nz/myhome/Documents/GitHub/ddd-mode-pacemaker-303-group-10/lab2/cs303__de2_lab2/lab2_and_scchart_bsp/\libhal_bsp.a(alt_irq_handler.o)
                0x00000000008000fc                alt_irq_handler
 .exceptions    0x00000000008001d0       0x74 //files.auckland.ac.nz/myhome/Documents/GitHub/ddd-mode-pacemaker-303-group-10/lab2/cs303__de2_lab2/lab2_and_scchart_bsp/\libhal_bsp.a(alt_instruction_exception_entry.o)
                0x00000000008001d0                alt_instruction_exception_entry
                0x0000000000800244                PROVIDE (__ram_exceptions_end, ABSOLUTE (.))
                0x0000000000800020                PROVIDE (__flash_exceptions_start, LOADADDR (.exceptions))

.text           0x0000000000800244     0x400c
                [!provide]                        PROVIDE (stext, ABSOLUTE (.))
 *(.interp)
 *(.hash)
 *(.dynsym)
 *(.dynstr)
 *(.gnu.version)
 *(.gnu.version_d)
 *(.gnu.version_r)
 *(.rel.init)
 *(.rela.init)
 *(.rel.text .rel.text.* .rel.gnu.linkonce.t.*)
 *(.rela.text .rela.text.* .rela.gnu.linkonce.t.*)
 *(.rel.fini)
 *(.rela.fini)
 *(.rel.rodata .rel.rodata.* .rel.gnu.linkonce.r.*)
 *(.rela.rodata .rela.rodata.* .rela.gnu.linkonce.r.*)
 *(.rel.data .rel.data.* .rel.gnu.linkonce.d.*)
 *(.rela.data .rela.data.* .rela.gnu.linkonce.d.*)
 *(.rel.tdata .rel.tdata.* .rel.gnu.linkonce.td.*)
 *(.rela.tdata .rela.tdata.* .rela.gnu.linkonce.td.*)
 *(.rel.tbss .rel.tbss.* .rel.gnu.linkonce.tb.*)
 *(.rela.tbss .rela.tbss.* .rela.gnu.linkonce.tb.*)
 *(.rel.ctors)
 *(.rela.ctors)
 *(.rel.dtors)
 *(.rela.dtors)
 *(.rel.got)
 *(.rela.got)
 *(.rel.sdata .rel.sdata.* .rel.gnu.linkonce.s.*)
 *(.rela.sdata .rela.sdata.* .rela.gnu.linkonce.s.*)
 *(.rel.sbss .rel.sbss.* .rel.gnu.linkonce.sb.*)
 *(.rela.sbss .rela.sbss.* .rela.gnu.linkonce.sb.*)
 *(.rel.sdata2 .rel.sdata2.* .rel.gnu.linkonce.s2.*)
 *(.rela.sdata2 .rela.sdata2.* .rela.gnu.linkonce.s2.*)
 *(.rel.sbss2 .rel.sbss2.* .rel.gnu.linkonce.sb2.*)
 *(.rela.sbss2 .rela.sbss2.* .rela.gnu.linkonce.sb2.*)
 *(.rel.bss .rel.bss.* .rel.gnu.linkonce.b.*)
 *(.rela.bss .rela.bss.* .rela.gnu.linkonce.b.*)
 *(.rel.plt)
 *(.rela.plt)
 *(.rel.dyn)
 *(.init)
 *(.plt)
 *(.text .stub .text.* .gnu.linkonce.t.*)
 .text          0x0000000000800244       0x4c //files.auckland.ac.nz/myhome/Documents/GitHub/ddd-mode-pacemaker-303-group-10/lab2/cs303__de2_lab2/lab2_and_scchart_bsp//obj/HAL/src/crt0.o
                0x0000000000800244                _start
 .text          0x0000000000800290       0x24 obj/default/hello_world.o
                0x0000000000800290                main
 .text          0x00000000008002b4       0xec //files.auckland.ac.nz/myhome/Documents/GitHub/ddd-mode-pacemaker-303-group-10/lab2/cs303__de2_lab2/lab2_and_scchart_bsp/\libhal_bsp.a(alt_load.o)
                0x000000000080031c                alt_load
 .text          0x00000000008003a0       0x7c //files.auckland.ac.nz/myhome/Documents/GitHub/ddd-mode-pacemaker-303-group-10/lab2/cs303__de2_lab2/lab2_and_scchart_bsp/\libhal_bsp.a(alt_main.o)
                0x00000000008003a0                alt_main
 .text          0x000000000080041c      0x104 //files.auckland.ac.nz/myhome/Documents/GitHub/ddd-mode-pacemaker-303-group-10/lab2/cs303__de2_lab2/lab2_and_scchart_bsp/\libhal_bsp.a(alt_sys_init.o)
                0x0000000000800450                alt_irq_init
                0x0000000000800488                alt_sys_init
 .text          0x0000000000800520      0x164 //files.auckland.ac.nz/myhome/Documents/GitHub/ddd-mode-pacemaker-303-group-10/lab2/cs303__de2_lab2/lab2_and_scchart_bsp/\libhal_bsp.a(altera_avalon_jtag_uart_fd.o)
                0x0000000000800520                altera_avalon_jtag_uart_read_fd
                0x0000000000800580                altera_avalon_jtag_uart_write_fd
                0x00000000008005e0                altera_avalon_jtag_uart_close_fd
                0x0000000000800630                altera_avalon_jtag_uart_ioctl_fd
 .text          0x0000000000800684      0x3d4 //files.auckland.ac.nz/myhome/Documents/GitHub/ddd-mode-pacemaker-303-group-10/lab2/cs303__de2_lab2/lab2_and_scchart_bsp/\libhal_bsp.a(altera_avalon_jtag_uart_init.o)
                0x0000000000800684                altera_avalon_jtag_uart_init
                0x00000000008009f0                altera_avalon_jtag_uart_close
 .text          0x0000000000800a58       0xf0 //files.auckland.ac.nz/myhome/Documents/GitHub/ddd-mode-pacemaker-303-group-10/lab2/cs303__de2_lab2/lab2_and_scchart_bsp/\libhal_bsp.a(altera_avalon_jtag_uart_ioctl.o)
                0x0000000000800a58                altera_avalon_jtag_uart_ioctl
 .text          0x0000000000800b48      0x21c //files.auckland.ac.nz/myhome/Documents/GitHub/ddd-mode-pacemaker-303-group-10/lab2/cs303__de2_lab2/lab2_and_scchart_bsp/\libhal_bsp.a(altera_avalon_jtag_uart_read.o)
                0x0000000000800b48                altera_avalon_jtag_uart_read
 .text          0x0000000000800d64      0x224 //files.auckland.ac.nz/myhome/Documents/GitHub/ddd-mode-pacemaker-303-group-10/lab2/cs303__de2_lab2/lab2_and_scchart_bsp/\libhal_bsp.a(altera_avalon_jtag_uart_write.o)
                0x0000000000800d64                altera_avalon_jtag_uart_write
 .text          0x0000000000800f88      0xe7c //files.auckland.ac.nz/myhome/Documents/GitHub/ddd-mode-pacemaker-303-group-10/lab2/cs303__de2_lab2/lab2_and_scchart_bsp/\libhal_bsp.a(altera_avalon_lcd_16207.o)
                0x000000000080174c                altera_avalon_lcd_16207_write
                0x0000000000801cd0                altera_avalon_lcd_16207_init
 .text          0x0000000000801e04       0x60 //files.auckland.ac.nz/myhome/Documents/GitHub/ddd-mode-pacemaker-303-group-10/lab2/cs303__de2_lab2/lab2_and_scchart_bsp/\libhal_bsp.a(altera_avalon_lcd_16207_fd.o)
                0x0000000000801e04                altera_avalon_lcd_16207_write_fd
 .text          0x0000000000801e64       0xf4 //files.auckland.ac.nz/myhome/Documents/GitHub/ddd-mode-pacemaker-303-group-10/lab2/cs303__de2_lab2/lab2_and_scchart_bsp/\libhal_bsp.a(altera_avalon_timer_sc.o)
                0x0000000000801edc                alt_avalon_timer_sc_init
 .text          0x0000000000801f58      0x110 //files.auckland.ac.nz/myhome/Documents/GitHub/ddd-mode-pacemaker-303-group-10/lab2/cs303__de2_lab2/lab2_and_scchart_bsp/\libhal_bsp.a(altera_avalon_uart_fd.o)
                0x0000000000801f58                altera_avalon_uart_read_fd
                0x0000000000801fb8                altera_avalon_uart_write_fd
                0x0000000000802018                altera_avalon_uart_close_fd
 .text          0x0000000000802068      0x3c8 //files.auckland.ac.nz/myhome/Documents/GitHub/ddd-mode-pacemaker-303-group-10/lab2/cs303__de2_lab2/lab2_and_scchart_bsp/\libhal_bsp.a(altera_avalon_uart_init.o)
                0x0000000000802068                altera_avalon_uart_init
                0x00000000008023dc                altera_avalon_uart_close
 .text          0x0000000000802430      0x218 //files.auckland.ac.nz/myhome/Documents/GitHub/ddd-mode-pacemaker-303-group-10/lab2/cs303__de2_lab2/lab2_and_scchart_bsp/\libhal_bsp.a(altera_avalon_uart_read.o)
                0x000000000080246c                altera_avalon_uart_read
 .text          0x0000000000802648      0x1e8 //files.auckland.ac.nz/myhome/Documents/GitHub/ddd-mode-pacemaker-303-group-10/lab2/cs303__de2_lab2/lab2_and_scchart_bsp/\libhal_bsp.a(altera_avalon_uart_write.o)
                0x0000000000802684                altera_avalon_uart_write
 .text          0x0000000000802830      0x12c //files.auckland.ac.nz/myhome/Documents/GitHub/ddd-mode-pacemaker-303-group-10/lab2/cs303__de2_lab2/lab2_and_scchart_bsp/\libhal_bsp.a(alt_alarm_start.o)
                0x0000000000802830                alt_alarm_start
 .text          0x000000000080295c      0x10c //files.auckland.ac.nz/myhome/Documents/GitHub/ddd-mode-pacemaker-303-group-10/lab2/cs303__de2_lab2/lab2_and_scchart_bsp/\libhal_bsp.a(alt_close.o)
                0x0000000000802998                close
 .text          0x0000000000802a68       0x48 //files.auckland.ac.nz/myhome/Documents/GitHub/ddd-mode-pacemaker-303-group-10/lab2/cs303__de2_lab2/lab2_and_scchart_bsp/\libhal_bsp.a(alt_dcache_flush_all.o)
                0x0000000000802a68                alt_dcache_flush_all
 .text          0x0000000000802ab0       0x2c //files.auckland.ac.nz/myhome/Documents/GitHub/ddd-mode-pacemaker-303-group-10/lab2/cs303__de2_lab2/lab2_and_scchart_bsp/\libhal_bsp.a(alt_dev.o)
 .text          0x0000000000802adc       0xe0 //files.auckland.ac.nz/myhome/Documents/GitHub/ddd-mode-pacemaker-303-group-10/lab2/cs303__de2_lab2/lab2_and_scchart_bsp/\libhal_bsp.a(alt_dev_llist_insert.o)
                0x0000000000802b18                alt_dev_llist_insert
 .text          0x0000000000802bbc       0x60 //files.auckland.ac.nz/myhome/Documents/GitHub/ddd-mode-pacemaker-303-group-10/lab2/cs303__de2_lab2/lab2_and_scchart_bsp/\libhal_bsp.a(alt_do_ctors.o)
                0x0000000000802bbc                _do_ctors
 .text          0x0000000000802c1c       0x60 //files.auckland.ac.nz/myhome/Documents/GitHub/ddd-mode-pacemaker-303-group-10/lab2/cs303__de2_lab2/lab2_and_scchart_bsp/\libhal_bsp.a(alt_do_dtors.o)
                0x0000000000802c1c                _do_dtors
 .text          0x0000000000802c7c        0x0 //files.auckland.ac.nz/myhome/Documents/GitHub/ddd-mode-pacemaker-303-group-10/lab2/cs303__de2_lab2/lab2_and_scchart_bsp/\libhal_bsp.a(alt_errno.o)
 .text          0x0000000000802c7c       0x34 //files.auckland.ac.nz/myhome/Documents/GitHub/ddd-mode-pacemaker-303-group-10/lab2/cs303__de2_lab2/lab2_and_scchart_bsp/\libhal_bsp.a(alt_icache_flush_all.o)
                0x0000000000802c7c                alt_icache_flush_all
 .text          0x0000000000802cb0      0x1b0 //files.auckland.ac.nz/myhome/Documents/GitHub/ddd-mode-pacemaker-303-group-10/lab2/cs303__de2_lab2/lab2_and_scchart_bsp/\libhal_bsp.a(alt_iic.o)
                0x0000000000802cb0                alt_ic_isr_register
                0x0000000000802d00                alt_ic_irq_enable
                0x0000000000802d88                alt_ic_irq_disable
                0x0000000000802e14                alt_ic_irq_enabled
 .text          0x0000000000802e60       0xf0 //files.auckland.ac.nz/myhome/Documents/GitHub/ddd-mode-pacemaker-303-group-10/lab2/cs303__de2_lab2/lab2_and_scchart_bsp/\libhal_bsp.a(alt_iic_isr_register.o)
                0x0000000000802e60                alt_iic_isr_register
 .text          0x0000000000802f50      0x140 //files.auckland.ac.nz/myhome/Documents/GitHub/ddd-mode-pacemaker-303-group-10/lab2/cs303__de2_lab2/lab2_and_scchart_bsp/\libhal_bsp.a(alt_io_redirect.o)
                0x0000000000803014                alt_io_redirect
 .text          0x0000000000803090        0x0 //files.auckland.ac.nz/myhome/Documents/GitHub/ddd-mode-pacemaker-303-group-10/lab2/cs303__de2_lab2/lab2_and_scchart_bsp/\libhal_bsp.a(alt_irq_entry.o)
 .text          0x0000000000803090        0x0 //files.auckland.ac.nz/myhome/Documents/GitHub/ddd-mode-pacemaker-303-group-10/lab2/cs303__de2_lab2/lab2_and_scchart_bsp/\libhal_bsp.a(alt_irq_handler.o)
 .text          0x0000000000803090        0x0 //files.auckland.ac.nz/myhome/Documents/GitHub/ddd-mode-pacemaker-303-group-10/lab2/cs303__de2_lab2/lab2_and_scchart_bsp/\libhal_bsp.a(alt_irq_vars.o)
 .text          0x0000000000803090      0x254 //files.auckland.ac.nz/myhome/Documents/GitHub/ddd-mode-pacemaker-303-group-10/lab2/cs303__de2_lab2/lab2_and_scchart_bsp/\libhal_bsp.a(alt_open.o)
                0x0000000000803190                open
 .text          0x00000000008032e4       0x64 //files.auckland.ac.nz/myhome/Documents/GitHub/ddd-mode-pacemaker-303-group-10/lab2/cs303__de2_lab2/lab2_and_scchart_bsp/\libhal_bsp.a(alt_release_fd.o)
                0x00000000008032e4                alt_release_fd
 .text          0x0000000000803348      0x1a4 //files.auckland.ac.nz/myhome/Documents/GitHub/ddd-mode-pacemaker-303-group-10/lab2/cs303__de2_lab2/lab2_and_scchart_bsp/\libhal_bsp.a(alt_tick.o)
                0x0000000000803348                alt_alarm_stop
                0x00000000008033e4                alt_tick
 .text          0x00000000008034ec       0x30 //files.auckland.ac.nz/myhome/Documents/GitHub/ddd-mode-pacemaker-303-group-10/lab2/cs303__de2_lab2/lab2_and_scchart_bsp/\libhal_bsp.a(alt_usleep.o)
                0x00000000008034ec                usleep
 .text          0x000000000080351c       0x24 //files.auckland.ac.nz/myhome/Documents/GitHub/ddd-mode-pacemaker-303-group-10/lab2/cs303__de2_lab2/lab2_and_scchart_bsp/\libhal_bsp.a(altera_nios2_gen2_irq.o)
                0x000000000080351c                altera_nios2_gen2_irq_init
 .text          0x0000000000803540      0x158 //files.auckland.ac.nz/myhome/Documents/GitHub/ddd-mode-pacemaker-303-group-10/lab2/cs303__de2_lab2/lab2_and_scchart_bsp/\libhal_bsp.a(alt_busy_sleep.o)
                0x0000000000803540                alt_busy_sleep
 .text          0x0000000000803698        0x0 //files.auckland.ac.nz/myhome/Documents/GitHub/ddd-mode-pacemaker-303-group-10/lab2/cs303__de2_lab2/lab2_and_scchart_bsp/\libhal_bsp.a(alt_exception_entry.o)
 .text          0x0000000000803698       0x90 //files.auckland.ac.nz/myhome/Documents/GitHub/ddd-mode-pacemaker-303-group-10/lab2/cs303__de2_lab2/lab2_and_scchart_bsp/\libhal_bsp.a(alt_find_dev.o)
                0x0000000000803698                alt_find_dev
 .text          0x0000000000803728      0x108 //files.auckland.ac.nz/myhome/Documents/GitHub/ddd-mode-pacemaker-303-group-10/lab2/cs303__de2_lab2/lab2_and_scchart_bsp/\libhal_bsp.a(alt_find_file.o)
                0x0000000000803728                alt_find_file
 .text          0x0000000000803830       0xa4 //files.auckland.ac.nz/myhome/Documents/GitHub/ddd-mode-pacemaker-303-group-10/lab2/cs303__de2_lab2/lab2_and_scchart_bsp/\libhal_bsp.a(alt_get_fd.o)
                0x0000000000803830                alt_get_fd
 .text          0x00000000008038d4       0x90 //files.auckland.ac.nz/myhome/Documents/GitHub/ddd-mode-pacemaker-303-group-10/lab2/cs303__de2_lab2/lab2_and_scchart_bsp/\libhal_bsp.a(alt_icache_flush.o)
                0x00000000008038d4                alt_icache_flush
 .text          0x0000000000803964       0x9c //files.auckland.ac.nz/myhome/Documents/GitHub/ddd-mode-pacemaker-303-group-10/lab2/cs303__de2_lab2/lab2_and_scchart_bsp/\libhal_bsp.a(alt_instruction_exception_entry.o)
                0x0000000000803964                alt_exception_cause_generated_bad_addr
 .text          0x0000000000803a00        0x0 c:/intelfpga/18.1/nios2eds/bin/gnu/h-x86_64-mingw32/bin/../lib/gcc/nios2-elf/5.3.0/../../../../../H-x86_64-mingw32/nios2-elf/lib\libc.a(lib_a-atexit.o)
 .text.atexit   0x0000000000803a00       0x14 c:/intelfpga/18.1/nios2eds/bin/gnu/h-x86_64-mingw32/bin/../lib/gcc/nios2-elf/5.3.0/../../../../../H-x86_64-mingw32/nios2-elf/lib\libc.a(lib_a-atexit.o)
                0x0000000000803a00                atexit
 .text          0x0000000000803a14        0x0 c:/intelfpga/18.1/nios2eds/bin/gnu/h-x86_64-mingw32/bin/../lib/gcc/nios2-elf/5.3.0/../../../../../H-x86_64-mingw32/nios2-elf/lib\libc.a(lib_a-ctype_.o)
 .text          0x0000000000803a14        0x0 c:/intelfpga/18.1/nios2eds/bin/gnu/h-x86_64-mingw32/bin/../lib/gcc/nios2-elf/5.3.0/../../../../../H-x86_64-mingw32/nios2-elf/lib\libc.a(lib_a-exit.o)
 .text.exit     0x0000000000803a14       0x38 c:/intelfpga/18.1/nios2eds/bin/gnu/h-x86_64-mingw32/bin/../lib/gcc/nios2-elf/5.3.0/../../../../../H-x86_64-mingw32/nios2-elf/lib\libc.a(lib_a-exit.o)
                0x0000000000803a14                exit
 .text          0x0000000000803a4c        0x0 c:/intelfpga/18.1/nios2eds/bin/gnu/h-x86_64-mingw32/bin/../lib/gcc/nios2-elf/5.3.0/../../../../../H-x86_64-mingw32/nios2-elf/lib\libc.a(lib_a-impure.o)
 .text          0x0000000000803a4c        0x0 c:/intelfpga/18.1/nios2eds/bin/gnu/h-x86_64-mingw32/bin/../lib/gcc/nios2-elf/5.3.0/../../../../../H-x86_64-mingw32/nios2-elf/lib\libc.a(lib_a-int_errno.o)
 .text          0x0000000000803a4c        0x0 c:/intelfpga/18.1/nios2eds/bin/gnu/h-x86_64-mingw32/bin/../lib/gcc/nios2-elf/5.3.0/../../../../../H-x86_64-mingw32/nios2-elf/lib\libc.a(lib_a-memcmp.o)
 .text.memcmp   0x0000000000803a4c       0x7c c:/intelfpga/18.1/nios2eds/bin/gnu/h-x86_64-mingw32/bin/../lib/gcc/nios2-elf/5.3.0/../../../../../H-x86_64-mingw32/nios2-elf/lib\libc.a(lib_a-memcmp.o)
                0x0000000000803a4c                memcmp
 .text          0x0000000000803ac8        0x0 c:/intelfpga/18.1/nios2eds/bin/gnu/h-x86_64-mingw32/bin/../lib/gcc/nios2-elf/5.3.0/../../../../../H-x86_64-mingw32/nios2-elf/lib\libc.a(lib_a-memcpy.o)
 .text.memcpy   0x0000000000803ac8      0x148 c:/intelfpga/18.1/nios2eds/bin/gnu/h-x86_64-mingw32/bin/../lib/gcc/nios2-elf/5.3.0/../../../../../H-x86_64-mingw32/nios2-elf/lib\libc.a(lib_a-memcpy.o)
                0x0000000000803ac8                memcpy
 .text          0x0000000000803c10        0x0 c:/intelfpga/18.1/nios2eds/bin/gnu/h-x86_64-mingw32/bin/../lib/gcc/nios2-elf/5.3.0/../../../../../H-x86_64-mingw32/nios2-elf/lib\libc.a(lib_a-memset.o)
 .text.memset   0x0000000000803c10      0x128 c:/intelfpga/18.1/nios2eds/bin/gnu/h-x86_64-mingw32/bin/../lib/gcc/nios2-elf/5.3.0/../../../../../H-x86_64-mingw32/nios2-elf/lib\libc.a(lib_a-memset.o)
                0x0000000000803c10                memset
 .text          0x0000000000803d38        0x0 c:/intelfpga/18.1/nios2eds/bin/gnu/h-x86_64-mingw32/bin/../lib/gcc/nios2-elf/5.3.0/../../../../../H-x86_64-mingw32/nios2-elf/lib\libc.a(lib_a-strlen.o)
 .text.strlen   0x0000000000803d38       0x98 c:/intelfpga/18.1/nios2eds/bin/gnu/h-x86_64-mingw32/bin/../lib/gcc/nios2-elf/5.3.0/../../../../../H-x86_64-mingw32/nios2-elf/lib\libc.a(lib_a-strlen.o)
                0x0000000000803d38                strlen
 .text          0x0000000000803dd0        0x0 c:/intelfpga/18.1/nios2eds/bin/gnu/h-x86_64-mingw32/bin/../lib/gcc/nios2-elf/5.3.0/../../../../../H-x86_64-mingw32/nios2-elf/lib\libc.a(lib_a-__atexit.o)
 .text.__register_exitproc
                0x0000000000803dd0      0x118 c:/intelfpga/18.1/nios2eds/bin/gnu/h-x86_64-mingw32/bin/../lib/gcc/nios2-elf/5.3.0/../../../../../H-x86_64-mingw32/nios2-elf/lib\libc.a(lib_a-__atexit.o)
                0x0000000000803dd0                __register_exitproc
 .text          0x0000000000803ee8        0x0 c:/intelfpga/18.1/nios2eds/bin/gnu/h-x86_64-mingw32/bin/../lib/gcc/nios2-elf/5.3.0/../../../../../H-x86_64-mingw32/nios2-elf/lib\libc.a(lib_a-__call_atexit.o)
 .text.__call_exitprocs
                0x0000000000803ee8      0x180 c:/intelfpga/18.1/nios2eds/bin/gnu/h-x86_64-mingw32/bin/../lib/gcc/nios2-elf/5.3.0/../../../../../H-x86_64-mingw32/nios2-elf/lib\libc.a(lib_a-__call_atexit.o)
                0x0000000000803ee8                __call_exitprocs
 .text          0x0000000000804068      0x1b4 c:/intelfpga/18.1/nios2eds/bin/gnu/h-x86_64-mingw32/bin/../lib/gcc/nios2-elf/5.3.0\libgcc.a(lib2-divmod.o)
                0x0000000000804068                __divsi3
                0x00000000008040ec                __modsi3
                0x0000000000804160                __udivsi3
                0x00000000008041c4                __umodsi3
 .text          0x000000000080421c       0x34 //files.auckland.ac.nz/myhome/Documents/GitHub/ddd-mode-pacemaker-303-group-10/lab2/cs303__de2_lab2/lab2_and_scchart_bsp/\libhal_bsp.a(alt_exit.o)
                0x000000000080421c                _exit
 *(.gnu.warning.*)
 *(.fini)
                [!provide]                        PROVIDE (__etext, ABSOLUTE (.))
                [!provide]                        PROVIDE (_etext, ABSOLUTE (.))
                [!provide]                        PROVIDE (etext, ABSOLUTE (.))
 *(.eh_frame_hdr)
                0x0000000000804250                . = ALIGN (0x4)
                [!provide]                        PROVIDE (__preinit_array_start, ABSOLUTE (.))
 *(.preinit_array)
                [!provide]                        PROVIDE (__preinit_array_end, ABSOLUTE (.))
                [!provide]                        PROVIDE (__init_array_start, ABSOLUTE (.))
 *(.init_array)
                [!provide]                        PROVIDE (__init_array_end, ABSOLUTE (.))
                [!provide]                        PROVIDE (__fini_array_start, ABSOLUTE (.))
 *(.fini_array)
                [!provide]                        PROVIDE (__fini_array_end, ABSOLUTE (.))
 *(.eh_frame)
 *(.gcc_except_table .gcc_except_table.*)
 *(.dynamic)
                0x0000000000804250                PROVIDE (__CTOR_LIST__, ABSOLUTE (.))
 *(.ctors)
 *(SORT(.ctors.*))
                0x0000000000804250                PROVIDE (__CTOR_END__, ABSOLUTE (.))
                0x0000000000804250                PROVIDE (__DTOR_LIST__, ABSOLUTE (.))
 *(.dtors)
 *(SORT(.dtors.*))
                0x0000000000804250                PROVIDE (__DTOR_END__, ABSOLUTE (.))
 *(.jcr)
                0x0000000000804250                . = ALIGN (0x4)

.rodata         0x0000000000804250      0x2c8
                0x0000000000804250                PROVIDE (__ram_rodata_start, ABSOLUTE (.))
                0x0000000000804250                . = ALIGN (0x4)
 *(.rodata .rodata.* .gnu.linkonce.r.*)
 .rodata        0x0000000000804250        0xf //files.auckland.ac.nz/myhome/Documents/GitHub/ddd-mode-pacemaker-303-group-10/lab2/cs303__de2_lab2/lab2_and_scchart_bsp/\libhal_bsp.a(alt_main.o)
 *fill*         0x000000000080425f        0x1 
 .rodata        0x0000000000804260       0x26 //files.auckland.ac.nz/myhome/Documents/GitHub/ddd-mode-pacemaker-303-group-10/lab2/cs303__de2_lab2/lab2_and_scchart_bsp/\libhal_bsp.a(alt_sys_init.o)
 *fill*         0x0000000000804286        0x2 
 .rodata        0x0000000000804288        0xa //files.auckland.ac.nz/myhome/Documents/GitHub/ddd-mode-pacemaker-303-group-10/lab2/cs303__de2_lab2/lab2_and_scchart_bsp/\libhal_bsp.a(alt_dev.o)
 .rodata._ctype_
                0x0000000000804292      0x101 c:/intelfpga/18.1/nios2eds/bin/gnu/h-x86_64-mingw32/bin/../lib/gcc/nios2-elf/5.3.0/../../../../../H-x86_64-mingw32/nios2-elf/lib\libc.a(lib_a-ctype_.o)
                0x0000000000804292                _ctype_
 .rodata._ctype_b
                0x0000000000804393      0x180 c:/intelfpga/18.1/nios2eds/bin/gnu/h-x86_64-mingw32/bin/../lib/gcc/nios2-elf/5.3.0/../../../../../H-x86_64-mingw32/nios2-elf/lib\libc.a(lib_a-ctype_.o)
 *fill*         0x0000000000804513        0x1 
 .rodata.str1.4
                0x0000000000804514        0x4 c:/intelfpga/18.1/nios2eds/bin/gnu/h-x86_64-mingw32/bin/../lib/gcc/nios2-elf/5.3.0/../../../../../H-x86_64-mingw32/nios2-elf/lib\libc.a(lib_a-impure.o)
                                          0x2 (size before relaxing)
 *(.rodata1)
                0x0000000000804518                . = ALIGN (0x4)
                0x0000000000804518                PROVIDE (__ram_rodata_end, ABSOLUTE (.))
                0x0000000000804250                PROVIDE (__flash_rodata_start, LOADADDR (.rodata))

.rwdata         0x0000000000804518     0x1844 load address 0x0000000000805d5c
                0x0000000000804518                PROVIDE (__ram_rwdata_start, ABSOLUTE (.))
                0x0000000000804518                . = ALIGN (0x4)
 *(.got.plt)
 *(.got)
 *(.data1)
 *(.data .data.* .gnu.linkonce.d.*)
 .data          0x0000000000804518        0x0 //files.auckland.ac.nz/myhome/Documents/GitHub/ddd-mode-pacemaker-303-group-10/lab2/cs303__de2_lab2/lab2_and_scchart_bsp//obj/HAL/src/crt0.o
 .data          0x0000000000804518        0x0 obj/default/hello_world.o
 .data          0x0000000000804518        0x0 //files.auckland.ac.nz/myhome/Documents/GitHub/ddd-mode-pacemaker-303-group-10/lab2/cs303__de2_lab2/lab2_and_scchart_bsp/\libhal_bsp.a(alt_load.o)
 .data          0x0000000000804518        0x0 //files.auckland.ac.nz/myhome/Documents/GitHub/ddd-mode-pacemaker-303-group-10/lab2/cs303__de2_lab2/lab2_and_scchart_bsp/\libhal_bsp.a(alt_main.o)
 .data          0x0000000000804518     0x1244 //files.auckland.ac.nz/myhome/Documents/GitHub/ddd-mode-pacemaker-303-group-10/lab2/cs303__de2_lab2/lab2_and_scchart_bsp/\libhal_bsp.a(alt_sys_init.o)
 .data          0x000000000080575c        0x0 //files.auckland.ac.nz/myhome/Documents/GitHub/ddd-mode-pacemaker-303-group-10/lab2/cs303__de2_lab2/lab2_and_scchart_bsp/\libhal_bsp.a(altera_avalon_jtag_uart_fd.o)
 .data          0x000000000080575c        0x0 //files.auckland.ac.nz/myhome/Documents/GitHub/ddd-mode-pacemaker-303-group-10/lab2/cs303__de2_lab2/lab2_and_scchart_bsp/\libhal_bsp.a(altera_avalon_jtag_uart_init.o)
 .data          0x000000000080575c        0x0 //files.auckland.ac.nz/myhome/Documents/GitHub/ddd-mode-pacemaker-303-group-10/lab2/cs303__de2_lab2/lab2_and_scchart_bsp/\libhal_bsp.a(altera_avalon_jtag_uart_ioctl.o)
 .data          0x000000000080575c        0x0 //files.auckland.ac.nz/myhome/Documents/GitHub/ddd-mode-pacemaker-303-group-10/lab2/cs303__de2_lab2/lab2_and_scchart_bsp/\libhal_bsp.a(altera_avalon_jtag_uart_read.o)
 .data          0x000000000080575c        0x0 //files.auckland.ac.nz/myhome/Documents/GitHub/ddd-mode-pacemaker-303-group-10/lab2/cs303__de2_lab2/lab2_and_scchart_bsp/\libhal_bsp.a(altera_avalon_jtag_uart_write.o)
 .data          0x000000000080575c        0x0 //files.auckland.ac.nz/myhome/Documents/GitHub/ddd-mode-pacemaker-303-group-10/lab2/cs303__de2_lab2/lab2_and_scchart_bsp/\libhal_bsp.a(altera_avalon_lcd_16207.o)
 .data          0x000000000080575c        0x0 //files.auckland.ac.nz/myhome/Documents/GitHub/ddd-mode-pacemaker-303-group-10/lab2/cs303__de2_lab2/lab2_and_scchart_bsp/\libhal_bsp.a(altera_avalon_lcd_16207_fd.o)
 .data          0x000000000080575c        0x0 //files.auckland.ac.nz/myhome/Documents/GitHub/ddd-mode-pacemaker-303-group-10/lab2/cs303__de2_lab2/lab2_and_scchart_bsp/\libhal_bsp.a(altera_avalon_timer_sc.o)
 .data          0x000000000080575c        0x0 //files.auckland.ac.nz/myhome/Documents/GitHub/ddd-mode-pacemaker-303-group-10/lab2/cs303__de2_lab2/lab2_and_scchart_bsp/\libhal_bsp.a(altera_avalon_uart_fd.o)
 .data          0x000000000080575c        0x0 //files.auckland.ac.nz/myhome/Documents/GitHub/ddd-mode-pacemaker-303-group-10/lab2/cs303__de2_lab2/lab2_and_scchart_bsp/\libhal_bsp.a(altera_avalon_uart_init.o)
 .data          0x000000000080575c        0x0 //files.auckland.ac.nz/myhome/Documents/GitHub/ddd-mode-pacemaker-303-group-10/lab2/cs303__de2_lab2/lab2_and_scchart_bsp/\libhal_bsp.a(altera_avalon_uart_read.o)
 .data          0x000000000080575c        0x0 //files.auckland.ac.nz/myhome/Documents/GitHub/ddd-mode-pacemaker-303-group-10/lab2/cs303__de2_lab2/lab2_and_scchart_bsp/\libhal_bsp.a(altera_avalon_uart_write.o)
 .data          0x000000000080575c        0x0 //files.auckland.ac.nz/myhome/Documents/GitHub/ddd-mode-pacemaker-303-group-10/lab2/cs303__de2_lab2/lab2_and_scchart_bsp/\libhal_bsp.a(alt_alarm_start.o)
 .data          0x000000000080575c        0x0 //files.auckland.ac.nz/myhome/Documents/GitHub/ddd-mode-pacemaker-303-group-10/lab2/cs303__de2_lab2/lab2_and_scchart_bsp/\libhal_bsp.a(alt_close.o)
 .data          0x000000000080575c        0x0 //files.auckland.ac.nz/myhome/Documents/GitHub/ddd-mode-pacemaker-303-group-10/lab2/cs303__de2_lab2/lab2_and_scchart_bsp/\libhal_bsp.a(alt_dcache_flush_all.o)
 .data          0x000000000080575c      0x1a8 //files.auckland.ac.nz/myhome/Documents/GitHub/ddd-mode-pacemaker-303-group-10/lab2/cs303__de2_lab2/lab2_and_scchart_bsp/\libhal_bsp.a(alt_dev.o)
                0x000000000080575c                alt_dev_null
                0x0000000000805784                alt_fd_list
 .data          0x0000000000805904        0x0 //files.auckland.ac.nz/myhome/Documents/GitHub/ddd-mode-pacemaker-303-group-10/lab2/cs303__de2_lab2/lab2_and_scchart_bsp/\libhal_bsp.a(alt_dev_llist_insert.o)
 .data          0x0000000000805904        0x0 //files.auckland.ac.nz/myhome/Documents/GitHub/ddd-mode-pacemaker-303-group-10/lab2/cs303__de2_lab2/lab2_and_scchart_bsp/\libhal_bsp.a(alt_do_ctors.o)
 .data          0x0000000000805904        0x0 //files.auckland.ac.nz/myhome/Documents/GitHub/ddd-mode-pacemaker-303-group-10/lab2/cs303__de2_lab2/lab2_and_scchart_bsp/\libhal_bsp.a(alt_do_dtors.o)
 .data          0x0000000000805904        0x0 //files.auckland.ac.nz/myhome/Documents/GitHub/ddd-mode-pacemaker-303-group-10/lab2/cs303__de2_lab2/lab2_and_scchart_bsp/\libhal_bsp.a(alt_errno.o)
 .data          0x0000000000805904        0x0 //files.auckland.ac.nz/myhome/Documents/GitHub/ddd-mode-pacemaker-303-group-10/lab2/cs303__de2_lab2/lab2_and_scchart_bsp/\libhal_bsp.a(alt_icache_flush_all.o)
 .data          0x0000000000805904        0x0 //files.auckland.ac.nz/myhome/Documents/GitHub/ddd-mode-pacemaker-303-group-10/lab2/cs303__de2_lab2/lab2_and_scchart_bsp/\libhal_bsp.a(alt_iic.o)
 .data          0x0000000000805904        0x0 //files.auckland.ac.nz/myhome/Documents/GitHub/ddd-mode-pacemaker-303-group-10/lab2/cs303__de2_lab2/lab2_and_scchart_bsp/\libhal_bsp.a(alt_iic_isr_register.o)
 .data          0x0000000000805904        0x0 //files.auckland.ac.nz/myhome/Documents/GitHub/ddd-mode-pacemaker-303-group-10/lab2/cs303__de2_lab2/lab2_and_scchart_bsp/\libhal_bsp.a(alt_io_redirect.o)
 .data          0x0000000000805904        0x0 //files.auckland.ac.nz/myhome/Documents/GitHub/ddd-mode-pacemaker-303-group-10/lab2/cs303__de2_lab2/lab2_and_scchart_bsp/\libhal_bsp.a(alt_irq_entry.o)
 .data          0x0000000000805904        0x0 //files.auckland.ac.nz/myhome/Documents/GitHub/ddd-mode-pacemaker-303-group-10/lab2/cs303__de2_lab2/lab2_and_scchart_bsp/\libhal_bsp.a(alt_irq_handler.o)
 .data          0x0000000000805904        0x0 //files.auckland.ac.nz/myhome/Documents/GitHub/ddd-mode-pacemaker-303-group-10/lab2/cs303__de2_lab2/lab2_and_scchart_bsp/\libhal_bsp.a(alt_irq_vars.o)
 .data          0x0000000000805904        0x0 //files.auckland.ac.nz/myhome/Documents/GitHub/ddd-mode-pacemaker-303-group-10/lab2/cs303__de2_lab2/lab2_and_scchart_bsp/\libhal_bsp.a(alt_open.o)
 .data          0x0000000000805904        0x0 //files.auckland.ac.nz/myhome/Documents/GitHub/ddd-mode-pacemaker-303-group-10/lab2/cs303__de2_lab2/lab2_and_scchart_bsp/\libhal_bsp.a(alt_release_fd.o)
 .data          0x0000000000805904        0x0 //files.auckland.ac.nz/myhome/Documents/GitHub/ddd-mode-pacemaker-303-group-10/lab2/cs303__de2_lab2/lab2_and_scchart_bsp/\libhal_bsp.a(alt_tick.o)
 .data          0x0000000000805904        0x0 //files.auckland.ac.nz/myhome/Documents/GitHub/ddd-mode-pacemaker-303-group-10/lab2/cs303__de2_lab2/lab2_and_scchart_bsp/\libhal_bsp.a(alt_usleep.o)
 .data          0x0000000000805904        0x0 //files.auckland.ac.nz/myhome/Documents/GitHub/ddd-mode-pacemaker-303-group-10/lab2/cs303__de2_lab2/lab2_and_scchart_bsp/\libhal_bsp.a(altera_nios2_gen2_irq.o)
 .data          0x0000000000805904        0x0 //files.auckland.ac.nz/myhome/Documents/GitHub/ddd-mode-pacemaker-303-group-10/lab2/cs303__de2_lab2/lab2_and_scchart_bsp/\libhal_bsp.a(alt_busy_sleep.o)
 .data          0x0000000000805904        0x0 //files.auckland.ac.nz/myhome/Documents/GitHub/ddd-mode-pacemaker-303-group-10/lab2/cs303__de2_lab2/lab2_and_scchart_bsp/\libhal_bsp.a(alt_exception_entry.o)
 .data          0x0000000000805904        0x0 //files.auckland.ac.nz/myhome/Documents/GitHub/ddd-mode-pacemaker-303-group-10/lab2/cs303__de2_lab2/lab2_and_scchart_bsp/\libhal_bsp.a(alt_find_dev.o)
 .data          0x0000000000805904        0x0 //files.auckland.ac.nz/myhome/Documents/GitHub/ddd-mode-pacemaker-303-group-10/lab2/cs303__de2_lab2/lab2_and_scchart_bsp/\libhal_bsp.a(alt_find_file.o)
 .data          0x0000000000805904        0x0 //files.auckland.ac.nz/myhome/Documents/GitHub/ddd-mode-pacemaker-303-group-10/lab2/cs303__de2_lab2/lab2_and_scchart_bsp/\libhal_bsp.a(alt_get_fd.o)
 .data          0x0000000000805904        0x0 //files.auckland.ac.nz/myhome/Documents/GitHub/ddd-mode-pacemaker-303-group-10/lab2/cs303__de2_lab2/lab2_and_scchart_bsp/\libhal_bsp.a(alt_icache_flush.o)
 .data          0x0000000000805904        0x0 //files.auckland.ac.nz/myhome/Documents/GitHub/ddd-mode-pacemaker-303-group-10/lab2/cs303__de2_lab2/lab2_and_scchart_bsp/\libhal_bsp.a(alt_instruction_exception_entry.o)
 .data          0x0000000000805904        0x0 c:/intelfpga/18.1/nios2eds/bin/gnu/h-x86_64-mingw32/bin/../lib/gcc/nios2-elf/5.3.0/../../../../../H-x86_64-mingw32/nios2-elf/lib\libc.a(lib_a-atexit.o)
 .data          0x0000000000805904        0x0 c:/intelfpga/18.1/nios2eds/bin/gnu/h-x86_64-mingw32/bin/../lib/gcc/nios2-elf/5.3.0/../../../../../H-x86_64-mingw32/nios2-elf/lib\libc.a(lib_a-ctype_.o)
 .data          0x0000000000805904        0x0 c:/intelfpga/18.1/nios2eds/bin/gnu/h-x86_64-mingw32/bin/../lib/gcc/nios2-elf/5.3.0/../../../../../H-x86_64-mingw32/nios2-elf/lib\libc.a(lib_a-exit.o)
 .data          0x0000000000805904        0x0 c:/intelfpga/18.1/nios2eds/bin/gnu/h-x86_64-mingw32/bin/../lib/gcc/nios2-elf/5.3.0/../../../../../H-x86_64-mingw32/nios2-elf/lib\libc.a(lib_a-impure.o)
 .data.impure_data
                0x0000000000805904      0x424 c:/intelfpga/18.1/nios2eds/bin/gnu/h-x86_64-mingw32/bin/../lib/gcc/nios2-elf/5.3.0/../../../../../H-x86_64-mingw32/nios2-elf/lib\libc.a(lib_a-impure.o)
 .data          0x0000000000805d28        0x0 c:/intelfpga/18.1/nios2eds/bin/gnu/h-x86_64-mingw32/bin/../lib/gcc/nios2-elf/5.3.0/../../../../../H-x86_64-mingw32/nios2-elf/lib\libc.a(lib_a-int_errno.o)
 .data          0x0000000000805d28        0x0 c:/intelfpga/18.1/nios2eds/bin/gnu/h-x86_64-mingw32/bin/../lib/gcc/nios2-elf/5.3.0/../../../../../H-x86_64-mingw32/nios2-elf/lib\libc.a(lib_a-memcmp.o)
 .data          0x0000000000805d28        0x0 c:/intelfpga/18.1/nios2eds/bin/gnu/h-x86_64-mingw32/bin/../lib/gcc/nios2-elf/5.3.0/../../../../../H-x86_64-mingw32/nios2-elf/lib\libc.a(lib_a-memcpy.o)
 .data          0x0000000000805d28        0x0 c:/intelfpga/18.1/nios2eds/bin/gnu/h-x86_64-mingw32/bin/../lib/gcc/nios2-elf/5.3.0/../../../../../H-x86_64-mingw32/nios2-elf/lib\libc.a(lib_a-memset.o)
 .data          0x0000000000805d28        0x0 c:/intelfpga/18.1/nios2eds/bin/gnu/h-x86_64-mingw32/bin/../lib/gcc/nios2-elf/5.3.0/../../../../../H-x86_64-mingw32/nios2-elf/lib\libc.a(lib_a-strlen.o)
 .data          0x0000000000805d28        0x0 c:/intelfpga/18.1/nios2eds/bin/gnu/h-x86_64-mingw32/bin/../lib/gcc/nios2-elf/5.3.0/../../../../../H-x86_64-mingw32/nios2-elf/lib\libc.a(lib_a-__atexit.o)
 .data          0x0000000000805d28        0x0 c:/intelfpga/18.1/nios2eds/bin/gnu/h-x86_64-mingw32/bin/../lib/gcc/nios2-elf/5.3.0/../../../../../H-x86_64-mingw32/nios2-elf/lib\libc.a(lib_a-__call_atexit.o)
 .data          0x0000000000805d28        0x0 c:/intelfpga/18.1/nios2eds/bin/gnu/h-x86_64-mingw32/bin/../lib/gcc/nios2-elf/5.3.0\libgcc.a(lib2-divmod.o)
 .data          0x0000000000805d28        0x0 //files.auckland.ac.nz/myhome/Documents/GitHub/ddd-mode-pacemaker-303-group-10/lab2/cs303__de2_lab2/lab2_and_scchart_bsp/\libhal_bsp.a(alt_exit.o)
                0x000000000080dd28                _gp = ABSOLUTE ((. + 0x8000))
                [!provide]                        PROVIDE (gp, _gp)
 *(.rwdata .rwdata.*)
 *(.sdata .sdata.* .gnu.linkonce.s.*)
 .sdata         0x0000000000805d28        0x4 //files.auckland.ac.nz/myhome/Documents/GitHub/ddd-mode-pacemaker-303-group-10/lab2/cs303__de2_lab2/lab2_and_scchart_bsp/\libhal_bsp.a(altera_avalon_lcd_16207.o)
 .sdata         0x0000000000805d2c       0x14 //files.auckland.ac.nz/myhome/Documents/GitHub/ddd-mode-pacemaker-303-group-10/lab2/cs303__de2_lab2/lab2_and_scchart_bsp/\libhal_bsp.a(alt_dev.o)
                0x0000000000805d2c                alt_fs_list
                0x0000000000805d34                alt_dev_list
                0x0000000000805d3c                alt_max_fd
 .sdata         0x0000000000805d40        0x4 //files.auckland.ac.nz/myhome/Documents/GitHub/ddd-mode-pacemaker-303-group-10/lab2/cs303__de2_lab2/lab2_and_scchart_bsp/\libhal_bsp.a(alt_errno.o)
                0x0000000000805d40                alt_errno
 .sdata         0x0000000000805d44        0x4 //files.auckland.ac.nz/myhome/Documents/GitHub/ddd-mode-pacemaker-303-group-10/lab2/cs303__de2_lab2/lab2_and_scchart_bsp/\libhal_bsp.a(alt_irq_vars.o)
                0x0000000000805d44                alt_priority_mask
 .sdata         0x0000000000805d48        0x8 //files.auckland.ac.nz/myhome/Documents/GitHub/ddd-mode-pacemaker-303-group-10/lab2/cs303__de2_lab2/lab2_and_scchart_bsp/\libhal_bsp.a(alt_tick.o)
                0x0000000000805d48                alt_alarm_list
 .sdata.__ctype_ptr__
                0x0000000000805d50        0x4 c:/intelfpga/18.1/nios2eds/bin/gnu/h-x86_64-mingw32/bin/../lib/gcc/nios2-elf/5.3.0/../../../../../H-x86_64-mingw32/nios2-elf/lib\libc.a(lib_a-ctype_.o)
                0x0000000000805d50                __ctype_ptr__
 .sdata._global_impure_ptr
                0x0000000000805d54        0x4 c:/intelfpga/18.1/nios2eds/bin/gnu/h-x86_64-mingw32/bin/../lib/gcc/nios2-elf/5.3.0/../../../../../H-x86_64-mingw32/nios2-elf/lib\libc.a(lib_a-impure.o)
                0x0000000000805d54                _global_impure_ptr
 .sdata._impure_ptr
                0x0000000000805d58        0x4 c:/intelfpga/18.1/nios2eds/bin/gnu/h-x86_64-mingw32/bin/../lib/gcc/nios2-elf/5.3.0/../../../../../H-x86_64-mingw32/nios2-elf/lib\libc.a(lib_a-impure.o)
                0x0000000000805d58                _impure_ptr
 *(.sdata2 .sdata2.* .gnu.linkonce.s2.*)
                0x0000000000805d5c                . = ALIGN (0x4)
                0x0000000000805d5c                _edata = ABSOLUTE (.)
                [!provide]                        PROVIDE (edata, ABSOLUTE (.))
                0x0000000000805d5c                PROVIDE (__ram_rwdata_end, ABSOLUTE (.))
                0x0000000000805d5c                PROVIDE (__flash_rwdata_start, LOADADDR (.rwdata))

.bss            0x00000000008075a0      0x120
                0x00000000008075a0                __bss_start = ABSOLUTE (.)
                [!provide]                        PROVIDE (__sbss_start, ABSOLUTE (.))
                [!provide]                        PROVIDE (___sbss_start, ABSOLUTE (.))
 *(.dynsbss)
 *(.sbss .sbss.* .gnu.linkonce.sb.*)
 .sbss          0x00000000008075a0        0xc //files.auckland.ac.nz/myhome/Documents/GitHub/ddd-mode-pacemaker-303-group-10/lab2/cs303__de2_lab2/lab2_and_scchart_bsp/\libhal_bsp.a(alt_main.o)
                0x00000000008075a0                alt_argc
                0x00000000008075a4                alt_argv
                0x00000000008075a8                alt_envp
 .sbss          0x00000000008075ac        0x4 //files.auckland.ac.nz/myhome/Documents/GitHub/ddd-mode-pacemaker-303-group-10/lab2/cs303__de2_lab2/lab2_and_scchart_bsp/\libhal_bsp.a(alt_irq_vars.o)
                0x00000000008075ac                alt_irq_active
 .sbss          0x00000000008075b0        0x8 //files.auckland.ac.nz/myhome/Documents/GitHub/ddd-mode-pacemaker-303-group-10/lab2/cs303__de2_lab2/lab2_and_scchart_bsp/\libhal_bsp.a(alt_tick.o)
                0x00000000008075b0                _alt_tick_rate
                0x00000000008075b4                _alt_nticks
 .sbss          0x00000000008075b8        0x4 //files.auckland.ac.nz/myhome/Documents/GitHub/ddd-mode-pacemaker-303-group-10/lab2/cs303__de2_lab2/lab2_and_scchart_bsp/\libhal_bsp.a(alt_instruction_exception_entry.o)
                0x00000000008075b8                alt_instruction_exception_handler
 .sbss          0x00000000008075bc        0x4 c:/intelfpga/18.1/nios2eds/bin/gnu/h-x86_64-mingw32/bin/../lib/gcc/nios2-elf/5.3.0/../../../../../H-x86_64-mingw32/nios2-elf/lib\libc.a(lib_a-int_errno.o)
                0x00000000008075bc                errno
 *(.sbss2 .sbss2.* .gnu.linkonce.sb2.*)
 *(.scommon)
                [!provide]                        PROVIDE (__sbss_end, ABSOLUTE (.))
                [!provide]                        PROVIDE (___sbss_end, ABSOLUTE (.))
 *(.dynbss)
 *(.bss .bss.* .gnu.linkonce.b.*)
 .bss           0x00000000008075c0        0x0 //files.auckland.ac.nz/myhome/Documents/GitHub/ddd-mode-pacemaker-303-group-10/lab2/cs303__de2_lab2/lab2_and_scchart_bsp//obj/HAL/src/crt0.o
 .bss           0x00000000008075c0        0x0 obj/default/hello_world.o
 .bss           0x00000000008075c0        0x0 //files.auckland.ac.nz/myhome/Documents/GitHub/ddd-mode-pacemaker-303-group-10/lab2/cs303__de2_lab2/lab2_and_scchart_bsp/\libhal_bsp.a(alt_load.o)
 .bss           0x00000000008075c0        0x0 //files.auckland.ac.nz/myhome/Documents/GitHub/ddd-mode-pacemaker-303-group-10/lab2/cs303__de2_lab2/lab2_and_scchart_bsp/\libhal_bsp.a(alt_main.o)
 .bss           0x00000000008075c0        0x0 //files.auckland.ac.nz/myhome/Documents/GitHub/ddd-mode-pacemaker-303-group-10/lab2/cs303__de2_lab2/lab2_and_scchart_bsp/\libhal_bsp.a(alt_sys_init.o)
 .bss           0x00000000008075c0        0x0 //files.auckland.ac.nz/myhome/Documents/GitHub/ddd-mode-pacemaker-303-group-10/lab2/cs303__de2_lab2/lab2_and_scchart_bsp/\libhal_bsp.a(altera_avalon_jtag_uart_fd.o)
 .bss           0x00000000008075c0        0x0 //files.auckland.ac.nz/myhome/Documents/GitHub/ddd-mode-pacemaker-303-group-10/lab2/cs303__de2_lab2/lab2_and_scchart_bsp/\libhal_bsp.a(altera_avalon_jtag_uart_init.o)
 .bss           0x00000000008075c0        0x0 //files.auckland.ac.nz/myhome/Documents/GitHub/ddd-mode-pacemaker-303-group-10/lab2/cs303__de2_lab2/lab2_and_scchart_bsp/\libhal_bsp.a(altera_avalon_jtag_uart_ioctl.o)
 .bss           0x00000000008075c0        0x0 //files.auckland.ac.nz/myhome/Documents/GitHub/ddd-mode-pacemaker-303-group-10/lab2/cs303__de2_lab2/lab2_and_scchart_bsp/\libhal_bsp.a(altera_avalon_jtag_uart_read.o)
 .bss           0x00000000008075c0        0x0 //files.auckland.ac.nz/myhome/Documents/GitHub/ddd-mode-pacemaker-303-group-10/lab2/cs303__de2_lab2/lab2_and_scchart_bsp/\libhal_bsp.a(altera_avalon_jtag_uart_write.o)
 .bss           0x00000000008075c0        0x0 //files.auckland.ac.nz/myhome/Documents/GitHub/ddd-mode-pacemaker-303-group-10/lab2/cs303__de2_lab2/lab2_and_scchart_bsp/\libhal_bsp.a(altera_avalon_lcd_16207.o)
 .bss           0x00000000008075c0        0x0 //files.auckland.ac.nz/myhome/Documents/GitHub/ddd-mode-pacemaker-303-group-10/lab2/cs303__de2_lab2/lab2_and_scchart_bsp/\libhal_bsp.a(altera_avalon_lcd_16207_fd.o)
 .bss           0x00000000008075c0        0x0 //files.auckland.ac.nz/myhome/Documents/GitHub/ddd-mode-pacemaker-303-group-10/lab2/cs303__de2_lab2/lab2_and_scchart_bsp/\libhal_bsp.a(altera_avalon_timer_sc.o)
 .bss           0x00000000008075c0        0x0 //files.auckland.ac.nz/myhome/Documents/GitHub/ddd-mode-pacemaker-303-group-10/lab2/cs303__de2_lab2/lab2_and_scchart_bsp/\libhal_bsp.a(altera_avalon_uart_fd.o)
 .bss           0x00000000008075c0        0x0 //files.auckland.ac.nz/myhome/Documents/GitHub/ddd-mode-pacemaker-303-group-10/lab2/cs303__de2_lab2/lab2_and_scchart_bsp/\libhal_bsp.a(altera_avalon_uart_init.o)
 .bss           0x00000000008075c0        0x0 //files.auckland.ac.nz/myhome/Documents/GitHub/ddd-mode-pacemaker-303-group-10/lab2/cs303__de2_lab2/lab2_and_scchart_bsp/\libhal_bsp.a(altera_avalon_uart_read.o)
 .bss           0x00000000008075c0        0x0 //files.auckland.ac.nz/myhome/Documents/GitHub/ddd-mode-pacemaker-303-group-10/lab2/cs303__de2_lab2/lab2_and_scchart_bsp/\libhal_bsp.a(altera_avalon_uart_write.o)
 .bss           0x00000000008075c0        0x0 //files.auckland.ac.nz/myhome/Documents/GitHub/ddd-mode-pacemaker-303-group-10/lab2/cs303__de2_lab2/lab2_and_scchart_bsp/\libhal_bsp.a(alt_alarm_start.o)
 .bss           0x00000000008075c0        0x0 //files.auckland.ac.nz/myhome/Documents/GitHub/ddd-mode-pacemaker-303-group-10/lab2/cs303__de2_lab2/lab2_and_scchart_bsp/\libhal_bsp.a(alt_close.o)
 .bss           0x00000000008075c0        0x0 //files.auckland.ac.nz/myhome/Documents/GitHub/ddd-mode-pacemaker-303-group-10/lab2/cs303__de2_lab2/lab2_and_scchart_bsp/\libhal_bsp.a(alt_dcache_flush_all.o)
 .bss           0x00000000008075c0        0x0 //files.auckland.ac.nz/myhome/Documents/GitHub/ddd-mode-pacemaker-303-group-10/lab2/cs303__de2_lab2/lab2_and_scchart_bsp/\libhal_bsp.a(alt_dev.o)
 .bss           0x00000000008075c0        0x0 //files.auckland.ac.nz/myhome/Documents/GitHub/ddd-mode-pacemaker-303-group-10/lab2/cs303__de2_lab2/lab2_and_scchart_bsp/\libhal_bsp.a(alt_dev_llist_insert.o)
 .bss           0x00000000008075c0        0x0 //files.auckland.ac.nz/myhome/Documents/GitHub/ddd-mode-pacemaker-303-group-10/lab2/cs303__de2_lab2/lab2_and_scchart_bsp/\libhal_bsp.a(alt_do_ctors.o)
 .bss           0x00000000008075c0        0x0 //files.auckland.ac.nz/myhome/Documents/GitHub/ddd-mode-pacemaker-303-group-10/lab2/cs303__de2_lab2/lab2_and_scchart_bsp/\libhal_bsp.a(alt_do_dtors.o)
 .bss           0x00000000008075c0        0x0 //files.auckland.ac.nz/myhome/Documents/GitHub/ddd-mode-pacemaker-303-group-10/lab2/cs303__de2_lab2/lab2_and_scchart_bsp/\libhal_bsp.a(alt_errno.o)
 .bss           0x00000000008075c0        0x0 //files.auckland.ac.nz/myhome/Documents/GitHub/ddd-mode-pacemaker-303-group-10/lab2/cs303__de2_lab2/lab2_and_scchart_bsp/\libhal_bsp.a(alt_icache_flush_all.o)
 .bss           0x00000000008075c0        0x0 //files.auckland.ac.nz/myhome/Documents/GitHub/ddd-mode-pacemaker-303-group-10/lab2/cs303__de2_lab2/lab2_and_scchart_bsp/\libhal_bsp.a(alt_iic.o)
 .bss           0x00000000008075c0        0x0 //files.auckland.ac.nz/myhome/Documents/GitHub/ddd-mode-pacemaker-303-group-10/lab2/cs303__de2_lab2/lab2_and_scchart_bsp/\libhal_bsp.a(alt_iic_isr_register.o)
 .bss           0x00000000008075c0        0x0 //files.auckland.ac.nz/myhome/Documents/GitHub/ddd-mode-pacemaker-303-group-10/lab2/cs303__de2_lab2/lab2_and_scchart_bsp/\libhal_bsp.a(alt_io_redirect.o)
 .bss           0x00000000008075c0        0x0 //files.auckland.ac.nz/myhome/Documents/GitHub/ddd-mode-pacemaker-303-group-10/lab2/cs303__de2_lab2/lab2_and_scchart_bsp/\libhal_bsp.a(alt_irq_entry.o)
 .bss           0x00000000008075c0        0x0 //files.auckland.ac.nz/myhome/Documents/GitHub/ddd-mode-pacemaker-303-group-10/lab2/cs303__de2_lab2/lab2_and_scchart_bsp/\libhal_bsp.a(alt_irq_handler.o)
 .bss           0x00000000008075c0        0x0 //files.auckland.ac.nz/myhome/Documents/GitHub/ddd-mode-pacemaker-303-group-10/lab2/cs303__de2_lab2/lab2_and_scchart_bsp/\libhal_bsp.a(alt_irq_vars.o)
 .bss           0x00000000008075c0        0x0 //files.auckland.ac.nz/myhome/Documents/GitHub/ddd-mode-pacemaker-303-group-10/lab2/cs303__de2_lab2/lab2_and_scchart_bsp/\libhal_bsp.a(alt_open.o)
 .bss           0x00000000008075c0        0x0 //files.auckland.ac.nz/myhome/Documents/GitHub/ddd-mode-pacemaker-303-group-10/lab2/cs303__de2_lab2/lab2_and_scchart_bsp/\libhal_bsp.a(alt_release_fd.o)
 .bss           0x00000000008075c0        0x0 //files.auckland.ac.nz/myhome/Documents/GitHub/ddd-mode-pacemaker-303-group-10/lab2/cs303__de2_lab2/lab2_and_scchart_bsp/\libhal_bsp.a(alt_tick.o)
 .bss           0x00000000008075c0        0x0 //files.auckland.ac.nz/myhome/Documents/GitHub/ddd-mode-pacemaker-303-group-10/lab2/cs303__de2_lab2/lab2_and_scchart_bsp/\libhal_bsp.a(alt_usleep.o)
 .bss           0x00000000008075c0        0x0 //files.auckland.ac.nz/myhome/Documents/GitHub/ddd-mode-pacemaker-303-group-10/lab2/cs303__de2_lab2/lab2_and_scchart_bsp/\libhal_bsp.a(altera_nios2_gen2_irq.o)
 .bss           0x00000000008075c0        0x0 //files.auckland.ac.nz/myhome/Documents/GitHub/ddd-mode-pacemaker-303-group-10/lab2/cs303__de2_lab2/lab2_and_scchart_bsp/\libhal_bsp.a(alt_busy_sleep.o)
 .bss           0x00000000008075c0        0x0 //files.auckland.ac.nz/myhome/Documents/GitHub/ddd-mode-pacemaker-303-group-10/lab2/cs303__de2_lab2/lab2_and_scchart_bsp/\libhal_bsp.a(alt_exception_entry.o)
 .bss           0x00000000008075c0        0x0 //files.auckland.ac.nz/myhome/Documents/GitHub/ddd-mode-pacemaker-303-group-10/lab2/cs303__de2_lab2/lab2_and_scchart_bsp/\libhal_bsp.a(alt_find_dev.o)
 .bss           0x00000000008075c0        0x0 //files.auckland.ac.nz/myhome/Documents/GitHub/ddd-mode-pacemaker-303-group-10/lab2/cs303__de2_lab2/lab2_and_scchart_bsp/\libhal_bsp.a(alt_find_file.o)
 .bss           0x00000000008075c0        0x0 //files.auckland.ac.nz/myhome/Documents/GitHub/ddd-mode-pacemaker-303-group-10/lab2/cs303__de2_lab2/lab2_and_scchart_bsp/\libhal_bsp.a(alt_get_fd.o)
 .bss           0x00000000008075c0        0x0 //files.auckland.ac.nz/myhome/Documents/GitHub/ddd-mode-pacemaker-303-group-10/lab2/cs303__de2_lab2/lab2_and_scchart_bsp/\libhal_bsp.a(alt_icache_flush.o)
 .bss           0x00000000008075c0        0x0 //files.auckland.ac.nz/myhome/Documents/GitHub/ddd-mode-pacemaker-303-group-10/lab2/cs303__de2_lab2/lab2_and_scchart_bsp/\libhal_bsp.a(alt_instruction_exception_entry.o)
 .bss           0x00000000008075c0        0x0 c:/intelfpga/18.1/nios2eds/bin/gnu/h-x86_64-mingw32/bin/../lib/gcc/nios2-elf/5.3.0/../../../../../H-x86_64-mingw32/nios2-elf/lib\libc.a(lib_a-atexit.o)
 .bss           0x00000000008075c0        0x0 c:/intelfpga/18.1/nios2eds/bin/gnu/h-x86_64-mingw32/bin/../lib/gcc/nios2-elf/5.3.0/../../../../../H-x86_64-mingw32/nios2-elf/lib\libc.a(lib_a-ctype_.o)
 .bss           0x00000000008075c0        0x0 c:/intelfpga/18.1/nios2eds/bin/gnu/h-x86_64-mingw32/bin/../lib/gcc/nios2-elf/5.3.0/../../../../../H-x86_64-mingw32/nios2-elf/lib\libc.a(lib_a-exit.o)
 .bss           0x00000000008075c0        0x0 c:/intelfpga/18.1/nios2eds/bin/gnu/h-x86_64-mingw32/bin/../lib/gcc/nios2-elf/5.3.0/../../../../../H-x86_64-mingw32/nios2-elf/lib\libc.a(lib_a-impure.o)
 .bss           0x00000000008075c0        0x0 c:/intelfpga/18.1/nios2eds/bin/gnu/h-x86_64-mingw32/bin/../lib/gcc/nios2-elf/5.3.0/../../../../../H-x86_64-mingw32/nios2-elf/lib\libc.a(lib_a-int_errno.o)
 .bss           0x00000000008075c0        0x0 c:/intelfpga/18.1/nios2eds/bin/gnu/h-x86_64-mingw32/bin/../lib/gcc/nios2-elf/5.3.0/../../../../../H-x86_64-mingw32/nios2-elf/lib\libc.a(lib_a-memcmp.o)
 .bss           0x00000000008075c0        0x0 c:/intelfpga/18.1/nios2eds/bin/gnu/h-x86_64-mingw32/bin/../lib/gcc/nios2-elf/5.3.0/../../../../../H-x86_64-mingw32/nios2-elf/lib\libc.a(lib_a-memcpy.o)
 .bss           0x00000000008075c0        0x0 c:/intelfpga/18.1/nios2eds/bin/gnu/h-x86_64-mingw32/bin/../lib/gcc/nios2-elf/5.3.0/../../../../../H-x86_64-mingw32/nios2-elf/lib\libc.a(lib_a-memset.o)
 .bss           0x00000000008075c0        0x0 c:/intelfpga/18.1/nios2eds/bin/gnu/h-x86_64-mingw32/bin/../lib/gcc/nios2-elf/5.3.0/../../../../../H-x86_64-mingw32/nios2-elf/lib\libc.a(lib_a-strlen.o)
 .bss           0x00000000008075c0        0x0 c:/intelfpga/18.1/nios2eds/bin/gnu/h-x86_64-mingw32/bin/../lib/gcc/nios2-elf/5.3.0/../../../../../H-x86_64-mingw32/nios2-elf/lib\libc.a(lib_a-__atexit.o)
 .bss           0x00000000008075c0        0x0 c:/intelfpga/18.1/nios2eds/bin/gnu/h-x86_64-mingw32/bin/../lib/gcc/nios2-elf/5.3.0/../../../../../H-x86_64-mingw32/nios2-elf/lib\libc.a(lib_a-__call_atexit.o)
 .bss           0x00000000008075c0        0x0 c:/intelfpga/18.1/nios2eds/bin/gnu/h-x86_64-mingw32/bin/../lib/gcc/nios2-elf/5.3.0\libgcc.a(lib2-divmod.o)
 .bss           0x00000000008075c0        0x0 //files.auckland.ac.nz/myhome/Documents/GitHub/ddd-mode-pacemaker-303-group-10/lab2/cs303__de2_lab2/lab2_and_scchart_bsp/\libhal_bsp.a(alt_exit.o)
 *(COMMON)
 COMMON         0x00000000008075c0      0x100 //files.auckland.ac.nz/myhome/Documents/GitHub/ddd-mode-pacemaker-303-group-10/lab2/cs303__de2_lab2/lab2_and_scchart_bsp/\libhal_bsp.a(alt_irq_handler.o)
                0x00000000008075c0                alt_irq
                0x00000000008076c0                . = ALIGN (0x4)
                0x00000000008076c0                __bss_end = ABSOLUTE (.)

.sdram          0x00000000008076c0        0x0
                [!provide]                        PROVIDE (_alt_partition_sdram_start, ABSOLUTE (.))
 *(.sdram .sdram. sdram.*)
                0x00000000008076c0                . = ALIGN (0x4)
                [!provide]                        PROVIDE (_alt_partition_sdram_end, ABSOLUTE (.))
                0x00000000008076c0                _end = ABSOLUTE (.)
                0x00000000008076c0                end = ABSOLUTE (.)
                0x00000000008076c0                __alt_stack_base = ABSOLUTE (.)
                [!provide]                        PROVIDE (_alt_partition_sdram_load_addr, LOADADDR (.sdram))

.onchip_mem     0x0000000001008000        0x0 load address 0x00000000008076c0
                [!provide]                        PROVIDE (_alt_partition_onchip_mem_start, ABSOLUTE (.))
 *(.onchip_mem .onchip_mem. onchip_mem.*)
                0x0000000001008000                . = ALIGN (0x4)
                [!provide]                        PROVIDE (_alt_partition_onchip_mem_end, ABSOLUTE (.))
                [!provide]                        PROVIDE (_alt_partition_onchip_mem_load_addr, LOADADDR (.onchip_mem))

.stab
 *(.stab)

.stabstr
 *(.stabstr)

.stab.excl
 *(.stab.excl)

.stab.exclstr
 *(.stab.exclstr)

.stab.index
 *(.stab.index)

.stab.indexstr
 *(.stab.indexstr)

.comment        0x0000000000000000       0x23
 *(.comment)
 .comment       0x0000000000000000       0x23 obj/default/hello_world.o
                                         0x24 (size before relaxing)
 .comment       0x0000000000000023       0x24 //files.auckland.ac.nz/myhome/Documents/GitHub/ddd-mode-pacemaker-303-group-10/lab2/cs303__de2_lab2/lab2_and_scchart_bsp/\libhal_bsp.a(alt_load.o)
 .comment       0x0000000000000023       0x24 //files.auckland.ac.nz/myhome/Documents/GitHub/ddd-mode-pacemaker-303-group-10/lab2/cs303__de2_lab2/lab2_and_scchart_bsp/\libhal_bsp.a(alt_main.o)
 .comment       0x0000000000000023       0x24 //files.auckland.ac.nz/myhome/Documents/GitHub/ddd-mode-pacemaker-303-group-10/lab2/cs303__de2_lab2/lab2_and_scchart_bsp/\libhal_bsp.a(alt_sys_init.o)
 .comment       0x0000000000000023       0x24 //files.auckland.ac.nz/myhome/Documents/GitHub/ddd-mode-pacemaker-303-group-10/lab2/cs303__de2_lab2/lab2_and_scchart_bsp/\libhal_bsp.a(altera_avalon_jtag_uart_fd.o)
 .comment       0x0000000000000023       0x24 //files.auckland.ac.nz/myhome/Documents/GitHub/ddd-mode-pacemaker-303-group-10/lab2/cs303__de2_lab2/lab2_and_scchart_bsp/\libhal_bsp.a(altera_avalon_jtag_uart_init.o)
 .comment       0x0000000000000023       0x24 //files.auckland.ac.nz/myhome/Documents/GitHub/ddd-mode-pacemaker-303-group-10/lab2/cs303__de2_lab2/lab2_and_scchart_bsp/\libhal_bsp.a(altera_avalon_jtag_uart_ioctl.o)
 .comment       0x0000000000000023       0x24 //files.auckland.ac.nz/myhome/Documents/GitHub/ddd-mode-pacemaker-303-group-10/lab2/cs303__de2_lab2/lab2_and_scchart_bsp/\libhal_bsp.a(altera_avalon_jtag_uart_read.o)
 .comment       0x0000000000000023       0x24 //files.auckland.ac.nz/myhome/Documents/GitHub/ddd-mode-pacemaker-303-group-10/lab2/cs303__de2_lab2/lab2_and_scchart_bsp/\libhal_bsp.a(altera_avalon_jtag_uart_write.o)
 .comment       0x0000000000000023       0x24 //files.auckland.ac.nz/myhome/Documents/GitHub/ddd-mode-pacemaker-303-group-10/lab2/cs303__de2_lab2/lab2_and_scchart_bsp/\libhal_bsp.a(altera_avalon_lcd_16207.o)
 .comment       0x0000000000000023       0x24 //files.auckland.ac.nz/myhome/Documents/GitHub/ddd-mode-pacemaker-303-group-10/lab2/cs303__de2_lab2/lab2_and_scchart_bsp/\libhal_bsp.a(altera_avalon_lcd_16207_fd.o)
 .comment       0x0000000000000023       0x24 //files.auckland.ac.nz/myhome/Documents/GitHub/ddd-mode-pacemaker-303-group-10/lab2/cs303__de2_lab2/lab2_and_scchart_bsp/\libhal_bsp.a(altera_avalon_timer_sc.o)
 .comment       0x0000000000000023       0x24 //files.auckland.ac.nz/myhome/Documents/GitHub/ddd-mode-pacemaker-303-group-10/lab2/cs303__de2_lab2/lab2_and_scchart_bsp/\libhal_bsp.a(altera_avalon_uart_fd.o)
 .comment       0x0000000000000023       0x24 //files.auckland.ac.nz/myhome/Documents/GitHub/ddd-mode-pacemaker-303-group-10/lab2/cs303__de2_lab2/lab2_and_scchart_bsp/\libhal_bsp.a(altera_avalon_uart_init.o)
 .comment       0x0000000000000023       0x24 //files.auckland.ac.nz/myhome/Documents/GitHub/ddd-mode-pacemaker-303-group-10/lab2/cs303__de2_lab2/lab2_and_scchart_bsp/\libhal_bsp.a(altera_avalon_uart_read.o)
 .comment       0x0000000000000023       0x24 //files.auckland.ac.nz/myhome/Documents/GitHub/ddd-mode-pacemaker-303-group-10/lab2/cs303__de2_lab2/lab2_and_scchart_bsp/\libhal_bsp.a(altera_avalon_uart_write.o)
 .comment       0x0000000000000023       0x24 //files.auckland.ac.nz/myhome/Documents/GitHub/ddd-mode-pacemaker-303-group-10/lab2/cs303__de2_lab2/lab2_and_scchart_bsp/\libhal_bsp.a(alt_alarm_start.o)
 .comment       0x0000000000000023       0x24 //files.auckland.ac.nz/myhome/Documents/GitHub/ddd-mode-pacemaker-303-group-10/lab2/cs303__de2_lab2/lab2_and_scchart_bsp/\libhal_bsp.a(alt_close.o)
 .comment       0x0000000000000023       0x24 //files.auckland.ac.nz/myhome/Documents/GitHub/ddd-mode-pacemaker-303-group-10/lab2/cs303__de2_lab2/lab2_and_scchart_bsp/\libhal_bsp.a(alt_dcache_flush_all.o)
 .comment       0x0000000000000023       0x24 //files.auckland.ac.nz/myhome/Documents/GitHub/ddd-mode-pacemaker-303-group-10/lab2/cs303__de2_lab2/lab2_and_scchart_bsp/\libhal_bsp.a(alt_dev.o)
 .comment       0x0000000000000023       0x24 //files.auckland.ac.nz/myhome/Documents/GitHub/ddd-mode-pacemaker-303-group-10/lab2/cs303__de2_lab2/lab2_and_scchart_bsp/\libhal_bsp.a(alt_dev_llist_insert.o)
 .comment       0x0000000000000023       0x24 //files.auckland.ac.nz/myhome/Documents/GitHub/ddd-mode-pacemaker-303-group-10/lab2/cs303__de2_lab2/lab2_and_scchart_bsp/\libhal_bsp.a(alt_do_ctors.o)
 .comment       0x0000000000000023       0x24 //files.auckland.ac.nz/myhome/Documents/GitHub/ddd-mode-pacemaker-303-group-10/lab2/cs303__de2_lab2/lab2_and_scchart_bsp/\libhal_bsp.a(alt_do_dtors.o)
 .comment       0x0000000000000023       0x24 //files.auckland.ac.nz/myhome/Documents/GitHub/ddd-mode-pacemaker-303-group-10/lab2/cs303__de2_lab2/lab2_and_scchart_bsp/\libhal_bsp.a(alt_errno.o)
 .comment       0x0000000000000023       0x24 //files.auckland.ac.nz/myhome/Documents/GitHub/ddd-mode-pacemaker-303-group-10/lab2/cs303__de2_lab2/lab2_and_scchart_bsp/\libhal_bsp.a(alt_icache_flush_all.o)
 .comment       0x0000000000000023       0x24 //files.auckland.ac.nz/myhome/Documents/GitHub/ddd-mode-pacemaker-303-group-10/lab2/cs303__de2_lab2/lab2_and_scchart_bsp/\libhal_bsp.a(alt_iic.o)
 .comment       0x0000000000000023       0x24 //files.auckland.ac.nz/myhome/Documents/GitHub/ddd-mode-pacemaker-303-group-10/lab2/cs303__de2_lab2/lab2_and_scchart_bsp/\libhal_bsp.a(alt_iic_isr_register.o)
 .comment       0x0000000000000023       0x24 //files.auckland.ac.nz/myhome/Documents/GitHub/ddd-mode-pacemaker-303-group-10/lab2/cs303__de2_lab2/lab2_and_scchart_bsp/\libhal_bsp.a(alt_io_redirect.o)
 .comment       0x0000000000000023       0x24 //files.auckland.ac.nz/myhome/Documents/GitHub/ddd-mode-pacemaker-303-group-10/lab2/cs303__de2_lab2/lab2_and_scchart_bsp/\libhal_bsp.a(alt_irq_handler.o)
 .comment       0x0000000000000023       0x24 //files.auckland.ac.nz/myhome/Documents/GitHub/ddd-mode-pacemaker-303-group-10/lab2/cs303__de2_lab2/lab2_and_scchart_bsp/\libhal_bsp.a(alt_irq_vars.o)
 .comment       0x0000000000000023       0x24 //files.auckland.ac.nz/myhome/Documents/GitHub/ddd-mode-pacemaker-303-group-10/lab2/cs303__de2_lab2/lab2_and_scchart_bsp/\libhal_bsp.a(alt_open.o)
 .comment       0x0000000000000023       0x24 //files.auckland.ac.nz/myhome/Documents/GitHub/ddd-mode-pacemaker-303-group-10/lab2/cs303__de2_lab2/lab2_and_scchart_bsp/\libhal_bsp.a(alt_release_fd.o)
 .comment       0x0000000000000023       0x24 //files.auckland.ac.nz/myhome/Documents/GitHub/ddd-mode-pacemaker-303-group-10/lab2/cs303__de2_lab2/lab2_and_scchart_bsp/\libhal_bsp.a(alt_tick.o)
 .comment       0x0000000000000023       0x24 //files.auckland.ac.nz/myhome/Documents/GitHub/ddd-mode-pacemaker-303-group-10/lab2/cs303__de2_lab2/lab2_and_scchart_bsp/\libhal_bsp.a(alt_usleep.o)
 .comment       0x0000000000000023       0x24 //files.auckland.ac.nz/myhome/Documents/GitHub/ddd-mode-pacemaker-303-group-10/lab2/cs303__de2_lab2/lab2_and_scchart_bsp/\libhal_bsp.a(altera_nios2_gen2_irq.o)
 .comment       0x0000000000000023       0x24 //files.auckland.ac.nz/myhome/Documents/GitHub/ddd-mode-pacemaker-303-group-10/lab2/cs303__de2_lab2/lab2_and_scchart_bsp/\libhal_bsp.a(alt_busy_sleep.o)
 .comment       0x0000000000000023       0x24 //files.auckland.ac.nz/myhome/Documents/GitHub/ddd-mode-pacemaker-303-group-10/lab2/cs303__de2_lab2/lab2_and_scchart_bsp/\libhal_bsp.a(alt_find_dev.o)
 .comment       0x0000000000000023       0x24 //files.auckland.ac.nz/myhome/Documents/GitHub/ddd-mode-pacemaker-303-group-10/lab2/cs303__de2_lab2/lab2_and_scchart_bsp/\libhal_bsp.a(alt_find_file.o)
 .comment       0x0000000000000023       0x24 //files.auckland.ac.nz/myhome/Documents/GitHub/ddd-mode-pacemaker-303-group-10/lab2/cs303__de2_lab2/lab2_and_scchart_bsp/\libhal_bsp.a(alt_get_fd.o)
 .comment       0x0000000000000023       0x24 //files.auckland.ac.nz/myhome/Documents/GitHub/ddd-mode-pacemaker-303-group-10/lab2/cs303__de2_lab2/lab2_and_scchart_bsp/\libhal_bsp.a(alt_icache_flush.o)
 .comment       0x0000000000000023       0x24 //files.auckland.ac.nz/myhome/Documents/GitHub/ddd-mode-pacemaker-303-group-10/lab2/cs303__de2_lab2/lab2_and_scchart_bsp/\libhal_bsp.a(alt_instruction_exception_entry.o)
 .comment       0x0000000000000023       0x24 c:/intelfpga/18.1/nios2eds/bin/gnu/h-x86_64-mingw32/bin/../lib/gcc/nios2-elf/5.3.0/../../../../../H-x86_64-mingw32/nios2-elf/lib\libc.a(lib_a-atexit.o)
 .comment       0x0000000000000023       0x24 c:/intelfpga/18.1/nios2eds/bin/gnu/h-x86_64-mingw32/bin/../lib/gcc/nios2-elf/5.3.0/../../../../../H-x86_64-mingw32/nios2-elf/lib\libc.a(lib_a-ctype_.o)
 .comment       0x0000000000000023       0x24 c:/intelfpga/18.1/nios2eds/bin/gnu/h-x86_64-mingw32/bin/../lib/gcc/nios2-elf/5.3.0/../../../../../H-x86_64-mingw32/nios2-elf/lib\libc.a(lib_a-exit.o)
 .comment       0x0000000000000023       0x24 c:/intelfpga/18.1/nios2eds/bin/gnu/h-x86_64-mingw32/bin/../lib/gcc/nios2-elf/5.3.0/../../../../../H-x86_64-mingw32/nios2-elf/lib\libc.a(lib_a-impure.o)
 .comment       0x0000000000000023       0x24 c:/intelfpga/18.1/nios2eds/bin/gnu/h-x86_64-mingw32/bin/../lib/gcc/nios2-elf/5.3.0/../../../../../H-x86_64-mingw32/nios2-elf/lib\libc.a(lib_a-int_errno.o)
 .comment       0x0000000000000023       0x24 c:/intelfpga/18.1/nios2eds/bin/gnu/h-x86_64-mingw32/bin/../lib/gcc/nios2-elf/5.3.0/../../../../../H-x86_64-mingw32/nios2-elf/lib\libc.a(lib_a-memcmp.o)
 .comment       0x0000000000000023       0x24 c:/intelfpga/18.1/nios2eds/bin/gnu/h-x86_64-mingw32/bin/../lib/gcc/nios2-elf/5.3.0/../../../../../H-x86_64-mingw32/nios2-elf/lib\libc.a(lib_a-memcpy.o)
 .comment       0x0000000000000023       0x24 c:/intelfpga/18.1/nios2eds/bin/gnu/h-x86_64-mingw32/bin/../lib/gcc/nios2-elf/5.3.0/../../../../../H-x86_64-mingw32/nios2-elf/lib\libc.a(lib_a-memset.o)
 .comment       0x0000000000000023       0x24 c:/intelfpga/18.1/nios2eds/bin/gnu/h-x86_64-mingw32/bin/../lib/gcc/nios2-elf/5.3.0/../../../../../H-x86_64-mingw32/nios2-elf/lib\libc.a(lib_a-strlen.o)
 .comment       0x0000000000000023       0x24 c:/intelfpga/18.1/nios2eds/bin/gnu/h-x86_64-mingw32/bin/../lib/gcc/nios2-elf/5.3.0/../../../../../H-x86_64-mingw32/nios2-elf/lib\libc.a(lib_a-__atexit.o)
 .comment       0x0000000000000023       0x24 c:/intelfpga/18.1/nios2eds/bin/gnu/h-x86_64-mingw32/bin/../lib/gcc/nios2-elf/5.3.0/../../../../../H-x86_64-mingw32/nios2-elf/lib\libc.a(lib_a-__call_atexit.o)
 .comment       0x0000000000000023       0x24 c:/intelfpga/18.1/nios2eds/bin/gnu/h-x86_64-mingw32/bin/../lib/gcc/nios2-elf/5.3.0\libgcc.a(lib2-divmod.o)
 .comment       0x0000000000000023       0x24 //files.auckland.ac.nz/myhome/Documents/GitHub/ddd-mode-pacemaker-303-group-10/lab2/cs303__de2_lab2/lab2_and_scchart_bsp/\libhal_bsp.a(alt_exit.o)

.debug
 *(.debug)

.line
 *(.line)

.debug_srcinfo
 *(.debug_srcinfo)

.debug_sfnames
 *(.debug_sfnames)

.debug_aranges  0x0000000000000000      0x730
 *(.debug_aranges)
 .debug_aranges
                0x0000000000000000       0x28 //files.auckland.ac.nz/myhome/Documents/GitHub/ddd-mode-pacemaker-303-group-10/lab2/cs303__de2_lab2/lab2_and_scchart_bsp//obj/HAL/src/crt0.o
 .debug_aranges
                0x0000000000000028       0x20 obj/default/hello_world.o
 .debug_aranges
                0x0000000000000048       0x20 //files.auckland.ac.nz/myhome/Documents/GitHub/ddd-mode-pacemaker-303-group-10/lab2/cs303__de2_lab2/lab2_and_scchart_bsp/\libhal_bsp.a(alt_load.o)
 .debug_aranges
                0x0000000000000068       0x20 //files.auckland.ac.nz/myhome/Documents/GitHub/ddd-mode-pacemaker-303-group-10/lab2/cs303__de2_lab2/lab2_and_scchart_bsp/\libhal_bsp.a(alt_main.o)
 .debug_aranges
                0x0000000000000088       0x20 //files.auckland.ac.nz/myhome/Documents/GitHub/ddd-mode-pacemaker-303-group-10/lab2/cs303__de2_lab2/lab2_and_scchart_bsp/\libhal_bsp.a(alt_sys_init.o)
 .debug_aranges
                0x00000000000000a8       0x20 //files.auckland.ac.nz/myhome/Documents/GitHub/ddd-mode-pacemaker-303-group-10/lab2/cs303__de2_lab2/lab2_and_scchart_bsp/\libhal_bsp.a(altera_avalon_jtag_uart_fd.o)
 .debug_aranges
                0x00000000000000c8       0x20 //files.auckland.ac.nz/myhome/Documents/GitHub/ddd-mode-pacemaker-303-group-10/lab2/cs303__de2_lab2/lab2_and_scchart_bsp/\libhal_bsp.a(altera_avalon_jtag_uart_init.o)
 .debug_aranges
                0x00000000000000e8       0x20 //files.auckland.ac.nz/myhome/Documents/GitHub/ddd-mode-pacemaker-303-group-10/lab2/cs303__de2_lab2/lab2_and_scchart_bsp/\libhal_bsp.a(altera_avalon_jtag_uart_ioctl.o)
 .debug_aranges
                0x0000000000000108       0x20 //files.auckland.ac.nz/myhome/Documents/GitHub/ddd-mode-pacemaker-303-group-10/lab2/cs303__de2_lab2/lab2_and_scchart_bsp/\libhal_bsp.a(altera_avalon_jtag_uart_read.o)
 .debug_aranges
                0x0000000000000128       0x20 //files.auckland.ac.nz/myhome/Documents/GitHub/ddd-mode-pacemaker-303-group-10/lab2/cs303__de2_lab2/lab2_and_scchart_bsp/\libhal_bsp.a(altera_avalon_jtag_uart_write.o)
 .debug_aranges
                0x0000000000000148       0x20 //files.auckland.ac.nz/myhome/Documents/GitHub/ddd-mode-pacemaker-303-group-10/lab2/cs303__de2_lab2/lab2_and_scchart_bsp/\libhal_bsp.a(altera_avalon_lcd_16207.o)
 .debug_aranges
                0x0000000000000168       0x20 //files.auckland.ac.nz/myhome/Documents/GitHub/ddd-mode-pacemaker-303-group-10/lab2/cs303__de2_lab2/lab2_and_scchart_bsp/\libhal_bsp.a(altera_avalon_lcd_16207_fd.o)
 .debug_aranges
                0x0000000000000188       0x20 //files.auckland.ac.nz/myhome/Documents/GitHub/ddd-mode-pacemaker-303-group-10/lab2/cs303__de2_lab2/lab2_and_scchart_bsp/\libhal_bsp.a(altera_avalon_timer_sc.o)
 .debug_aranges
                0x00000000000001a8       0x20 //files.auckland.ac.nz/myhome/Documents/GitHub/ddd-mode-pacemaker-303-group-10/lab2/cs303__de2_lab2/lab2_and_scchart_bsp/\libhal_bsp.a(altera_avalon_uart_fd.o)
 .debug_aranges
                0x00000000000001c8       0x20 //files.auckland.ac.nz/myhome/Documents/GitHub/ddd-mode-pacemaker-303-group-10/lab2/cs303__de2_lab2/lab2_and_scchart_bsp/\libhal_bsp.a(altera_avalon_uart_init.o)
 .debug_aranges
                0x00000000000001e8       0x20 //files.auckland.ac.nz/myhome/Documents/GitHub/ddd-mode-pacemaker-303-group-10/lab2/cs303__de2_lab2/lab2_and_scchart_bsp/\libhal_bsp.a(altera_avalon_uart_read.o)
 .debug_aranges
                0x0000000000000208       0x20 //files.auckland.ac.nz/myhome/Documents/GitHub/ddd-mode-pacemaker-303-group-10/lab2/cs303__de2_lab2/lab2_and_scchart_bsp/\libhal_bsp.a(altera_avalon_uart_write.o)
 .debug_aranges
                0x0000000000000228       0x20 //files.auckland.ac.nz/myhome/Documents/GitHub/ddd-mode-pacemaker-303-group-10/lab2/cs303__de2_lab2/lab2_and_scchart_bsp/\libhal_bsp.a(alt_alarm_start.o)
 .debug_aranges
                0x0000000000000248       0x20 //files.auckland.ac.nz/myhome/Documents/GitHub/ddd-mode-pacemaker-303-group-10/lab2/cs303__de2_lab2/lab2_and_scchart_bsp/\libhal_bsp.a(alt_close.o)
 .debug_aranges
                0x0000000000000268       0x20 //files.auckland.ac.nz/myhome/Documents/GitHub/ddd-mode-pacemaker-303-group-10/lab2/cs303__de2_lab2/lab2_and_scchart_bsp/\libhal_bsp.a(alt_dcache_flush_all.o)
 .debug_aranges
                0x0000000000000288       0x20 //files.auckland.ac.nz/myhome/Documents/GitHub/ddd-mode-pacemaker-303-group-10/lab2/cs303__de2_lab2/lab2_and_scchart_bsp/\libhal_bsp.a(alt_dev.o)
 .debug_aranges
                0x00000000000002a8       0x20 //files.auckland.ac.nz/myhome/Documents/GitHub/ddd-mode-pacemaker-303-group-10/lab2/cs303__de2_lab2/lab2_and_scchart_bsp/\libhal_bsp.a(alt_dev_llist_insert.o)
 .debug_aranges
                0x00000000000002c8       0x20 //files.auckland.ac.nz/myhome/Documents/GitHub/ddd-mode-pacemaker-303-group-10/lab2/cs303__de2_lab2/lab2_and_scchart_bsp/\libhal_bsp.a(alt_do_ctors.o)
 .debug_aranges
                0x00000000000002e8       0x20 //files.auckland.ac.nz/myhome/Documents/GitHub/ddd-mode-pacemaker-303-group-10/lab2/cs303__de2_lab2/lab2_and_scchart_bsp/\libhal_bsp.a(alt_do_dtors.o)
 .debug_aranges
                0x0000000000000308       0x18 //files.auckland.ac.nz/myhome/Documents/GitHub/ddd-mode-pacemaker-303-group-10/lab2/cs303__de2_lab2/lab2_and_scchart_bsp/\libhal_bsp.a(alt_errno.o)
 .debug_aranges
                0x0000000000000320       0x20 //files.auckland.ac.nz/myhome/Documents/GitHub/ddd-mode-pacemaker-303-group-10/lab2/cs303__de2_lab2/lab2_and_scchart_bsp/\libhal_bsp.a(alt_icache_flush_all.o)
 .debug_aranges
                0x0000000000000340       0x20 //files.auckland.ac.nz/myhome/Documents/GitHub/ddd-mode-pacemaker-303-group-10/lab2/cs303__de2_lab2/lab2_and_scchart_bsp/\libhal_bsp.a(alt_iic.o)
 .debug_aranges
                0x0000000000000360       0x20 //files.auckland.ac.nz/myhome/Documents/GitHub/ddd-mode-pacemaker-303-group-10/lab2/cs303__de2_lab2/lab2_and_scchart_bsp/\libhal_bsp.a(alt_iic_isr_register.o)
 .debug_aranges
                0x0000000000000380       0x20 //files.auckland.ac.nz/myhome/Documents/GitHub/ddd-mode-pacemaker-303-group-10/lab2/cs303__de2_lab2/lab2_and_scchart_bsp/\libhal_bsp.a(alt_io_redirect.o)
 .debug_aranges
                0x00000000000003a0       0x30 //files.auckland.ac.nz/myhome/Documents/GitHub/ddd-mode-pacemaker-303-group-10/lab2/cs303__de2_lab2/lab2_and_scchart_bsp/\libhal_bsp.a(alt_irq_entry.o)
 .debug_aranges
                0x00000000000003d0       0x20 //files.auckland.ac.nz/myhome/Documents/GitHub/ddd-mode-pacemaker-303-group-10/lab2/cs303__de2_lab2/lab2_and_scchart_bsp/\libhal_bsp.a(alt_irq_handler.o)
 .debug_aranges
                0x00000000000003f0       0x18 //files.auckland.ac.nz/myhome/Documents/GitHub/ddd-mode-pacemaker-303-group-10/lab2/cs303__de2_lab2/lab2_and_scchart_bsp/\libhal_bsp.a(alt_irq_vars.o)
 .debug_aranges
                0x0000000000000408       0x20 //files.auckland.ac.nz/myhome/Documents/GitHub/ddd-mode-pacemaker-303-group-10/lab2/cs303__de2_lab2/lab2_and_scchart_bsp/\libhal_bsp.a(alt_open.o)
 .debug_aranges
                0x0000000000000428       0x20 //files.auckland.ac.nz/myhome/Documents/GitHub/ddd-mode-pacemaker-303-group-10/lab2/cs303__de2_lab2/lab2_and_scchart_bsp/\libhal_bsp.a(alt_release_fd.o)
 .debug_aranges
                0x0000000000000448       0x20 //files.auckland.ac.nz/myhome/Documents/GitHub/ddd-mode-pacemaker-303-group-10/lab2/cs303__de2_lab2/lab2_and_scchart_bsp/\libhal_bsp.a(alt_tick.o)
 .debug_aranges
                0x0000000000000468       0x20 //files.auckland.ac.nz/myhome/Documents/GitHub/ddd-mode-pacemaker-303-group-10/lab2/cs303__de2_lab2/lab2_and_scchart_bsp/\libhal_bsp.a(alt_usleep.o)
 .debug_aranges
                0x0000000000000488       0x20 //files.auckland.ac.nz/myhome/Documents/GitHub/ddd-mode-pacemaker-303-group-10/lab2/cs303__de2_lab2/lab2_and_scchart_bsp/\libhal_bsp.a(altera_nios2_gen2_irq.o)
 .debug_aranges
                0x00000000000004a8       0x20 //files.auckland.ac.nz/myhome/Documents/GitHub/ddd-mode-pacemaker-303-group-10/lab2/cs303__de2_lab2/lab2_and_scchart_bsp/\libhal_bsp.a(alt_busy_sleep.o)
 .debug_aranges
                0x00000000000004c8       0x38 //files.auckland.ac.nz/myhome/Documents/GitHub/ddd-mode-pacemaker-303-group-10/lab2/cs303__de2_lab2/lab2_and_scchart_bsp/\libhal_bsp.a(alt_exception_entry.o)
 .debug_aranges
                0x0000000000000500       0x20 //files.auckland.ac.nz/myhome/Documents/GitHub/ddd-mode-pacemaker-303-group-10/lab2/cs303__de2_lab2/lab2_and_scchart_bsp/\libhal_bsp.a(alt_find_dev.o)
 .debug_aranges
                0x0000000000000520       0x20 //files.auckland.ac.nz/myhome/Documents/GitHub/ddd-mode-pacemaker-303-group-10/lab2/cs303__de2_lab2/lab2_and_scchart_bsp/\libhal_bsp.a(alt_find_file.o)
 .debug_aranges
                0x0000000000000540       0x20 //files.auckland.ac.nz/myhome/Documents/GitHub/ddd-mode-pacemaker-303-group-10/lab2/cs303__de2_lab2/lab2_and_scchart_bsp/\libhal_bsp.a(alt_get_fd.o)
 .debug_aranges
                0x0000000000000560       0x20 //files.auckland.ac.nz/myhome/Documents/GitHub/ddd-mode-pacemaker-303-group-10/lab2/cs303__de2_lab2/lab2_and_scchart_bsp/\libhal_bsp.a(alt_icache_flush.o)
 .debug_aranges
                0x0000000000000580       0x28 //files.auckland.ac.nz/myhome/Documents/GitHub/ddd-mode-pacemaker-303-group-10/lab2/cs303__de2_lab2/lab2_and_scchart_bsp/\libhal_bsp.a(alt_instruction_exception_entry.o)
 .debug_aranges
                0x00000000000005a8       0x20 c:/intelfpga/18.1/nios2eds/bin/gnu/h-x86_64-mingw32/bin/../lib/gcc/nios2-elf/5.3.0/../../../../../H-x86_64-mingw32/nios2-elf/lib\libc.a(lib_a-atexit.o)
 .debug_aranges
                0x00000000000005c8       0x18 c:/intelfpga/18.1/nios2eds/bin/gnu/h-x86_64-mingw32/bin/../lib/gcc/nios2-elf/5.3.0/../../../../../H-x86_64-mingw32/nios2-elf/lib\libc.a(lib_a-ctype_.o)
 .debug_aranges
                0x00000000000005e0       0x20 c:/intelfpga/18.1/nios2eds/bin/gnu/h-x86_64-mingw32/bin/../lib/gcc/nios2-elf/5.3.0/../../../../../H-x86_64-mingw32/nios2-elf/lib\libc.a(lib_a-exit.o)
 .debug_aranges
                0x0000000000000600       0x18 c:/intelfpga/18.1/nios2eds/bin/gnu/h-x86_64-mingw32/bin/../lib/gcc/nios2-elf/5.3.0/../../../../../H-x86_64-mingw32/nios2-elf/lib\libc.a(lib_a-impure.o)
 .debug_aranges
                0x0000000000000618       0x18 c:/intelfpga/18.1/nios2eds/bin/gnu/h-x86_64-mingw32/bin/../lib/gcc/nios2-elf/5.3.0/../../../../../H-x86_64-mingw32/nios2-elf/lib\libc.a(lib_a-int_errno.o)
 .debug_aranges
                0x0000000000000630       0x20 c:/intelfpga/18.1/nios2eds/bin/gnu/h-x86_64-mingw32/bin/../lib/gcc/nios2-elf/5.3.0/../../../../../H-x86_64-mingw32/nios2-elf/lib\libc.a(lib_a-memcmp.o)
 .debug_aranges
                0x0000000000000650       0x20 c:/intelfpga/18.1/nios2eds/bin/gnu/h-x86_64-mingw32/bin/../lib/gcc/nios2-elf/5.3.0/../../../../../H-x86_64-mingw32/nios2-elf/lib\libc.a(lib_a-memcpy.o)
 .debug_aranges
                0x0000000000000670       0x20 c:/intelfpga/18.1/nios2eds/bin/gnu/h-x86_64-mingw32/bin/../lib/gcc/nios2-elf/5.3.0/../../../../../H-x86_64-mingw32/nios2-elf/lib\libc.a(lib_a-memset.o)
 .debug_aranges
                0x0000000000000690       0x20 c:/intelfpga/18.1/nios2eds/bin/gnu/h-x86_64-mingw32/bin/../lib/gcc/nios2-elf/5.3.0/../../../../../H-x86_64-mingw32/nios2-elf/lib\libc.a(lib_a-strlen.o)
 .debug_aranges
                0x00000000000006b0       0x20 c:/intelfpga/18.1/nios2eds/bin/gnu/h-x86_64-mingw32/bin/../lib/gcc/nios2-elf/5.3.0/../../../../../H-x86_64-mingw32/nios2-elf/lib\libc.a(lib_a-__atexit.o)
 .debug_aranges
                0x00000000000006d0       0x20 c:/intelfpga/18.1/nios2eds/bin/gnu/h-x86_64-mingw32/bin/../lib/gcc/nios2-elf/5.3.0/../../../../../H-x86_64-mingw32/nios2-elf/lib\libc.a(lib_a-__call_atexit.o)
 .debug_aranges
                0x00000000000006f0       0x20 c:/intelfpga/18.1/nios2eds/bin/gnu/h-x86_64-mingw32/bin/../lib/gcc/nios2-elf/5.3.0\libgcc.a(lib2-divmod.o)
 .debug_aranges
                0x0000000000000710       0x20 //files.auckland.ac.nz/myhome/Documents/GitHub/ddd-mode-pacemaker-303-group-10/lab2/cs303__de2_lab2/lab2_and_scchart_bsp/\libhal_bsp.a(alt_exit.o)

.debug_pubnames
 *(.debug_pubnames)

.debug_info     0x0000000000000000     0x9b2e
 *(.debug_info .gnu.linkonce.wi.*)
 .debug_info    0x0000000000000000       0xad //files.auckland.ac.nz/myhome/Documents/GitHub/ddd-mode-pacemaker-303-group-10/lab2/cs303__de2_lab2/lab2_and_scchart_bsp//obj/HAL/src/crt0.o
 .debug_info    0x00000000000000ad      0x219 obj/default/hello_world.o
 .debug_info    0x00000000000002c6      0x145 //files.auckland.ac.nz/myhome/Documents/GitHub/ddd-mode-pacemaker-303-group-10/lab2/cs303__de2_lab2/lab2_and_scchart_bsp/\libhal_bsp.a(alt_load.o)
 .debug_info    0x000000000000040b      0x131 //files.auckland.ac.nz/myhome/Documents/GitHub/ddd-mode-pacemaker-303-group-10/lab2/cs303__de2_lab2/lab2_and_scchart_bsp/\libhal_bsp.a(alt_main.o)
 .debug_info    0x000000000000053c      0x723 //files.auckland.ac.nz/myhome/Documents/GitHub/ddd-mode-pacemaker-303-group-10/lab2/cs303__de2_lab2/lab2_and_scchart_bsp/\libhal_bsp.a(alt_sys_init.o)
 .debug_info    0x0000000000000c5f      0x52e //files.auckland.ac.nz/myhome/Documents/GitHub/ddd-mode-pacemaker-303-group-10/lab2/cs303__de2_lab2/lab2_and_scchart_bsp/\libhal_bsp.a(altera_avalon_jtag_uart_fd.o)
 .debug_info    0x000000000000118d      0x3a0 //files.auckland.ac.nz/myhome/Documents/GitHub/ddd-mode-pacemaker-303-group-10/lab2/cs303__de2_lab2/lab2_and_scchart_bsp/\libhal_bsp.a(altera_avalon_jtag_uart_init.o)
 .debug_info    0x000000000000152d      0x280 //files.auckland.ac.nz/myhome/Documents/GitHub/ddd-mode-pacemaker-303-group-10/lab2/cs303__de2_lab2/lab2_and_scchart_bsp/\libhal_bsp.a(altera_avalon_jtag_uart_ioctl.o)
 .debug_info    0x00000000000017ad      0x345 //files.auckland.ac.nz/myhome/Documents/GitHub/ddd-mode-pacemaker-303-group-10/lab2/cs303__de2_lab2/lab2_and_scchart_bsp/\libhal_bsp.a(altera_avalon_jtag_uart_read.o)
 .debug_info    0x0000000000001af2      0x340 //files.auckland.ac.nz/myhome/Documents/GitHub/ddd-mode-pacemaker-303-group-10/lab2/cs303__de2_lab2/lab2_and_scchart_bsp/\libhal_bsp.a(altera_avalon_jtag_uart_write.o)
 .debug_info    0x0000000000001e32      0x6d1 //files.auckland.ac.nz/myhome/Documents/GitHub/ddd-mode-pacemaker-303-group-10/lab2/cs303__de2_lab2/lab2_and_scchart_bsp/\libhal_bsp.a(altera_avalon_lcd_16207.o)
 .debug_info    0x0000000000002503      0x4cc //files.auckland.ac.nz/myhome/Documents/GitHub/ddd-mode-pacemaker-303-group-10/lab2/cs303__de2_lab2/lab2_and_scchart_bsp/\libhal_bsp.a(altera_avalon_lcd_16207_fd.o)
 .debug_info    0x00000000000029cf      0x226 //files.auckland.ac.nz/myhome/Documents/GitHub/ddd-mode-pacemaker-303-group-10/lab2/cs303__de2_lab2/lab2_and_scchart_bsp/\libhal_bsp.a(altera_avalon_timer_sc.o)
 .debug_info    0x0000000000002bf5      0x447 //files.auckland.ac.nz/myhome/Documents/GitHub/ddd-mode-pacemaker-303-group-10/lab2/cs303__de2_lab2/lab2_and_scchart_bsp/\libhal_bsp.a(altera_avalon_uart_fd.o)
 .debug_info    0x000000000000303c      0x333 //files.auckland.ac.nz/myhome/Documents/GitHub/ddd-mode-pacemaker-303-group-10/lab2/cs303__de2_lab2/lab2_and_scchart_bsp/\libhal_bsp.a(altera_avalon_uart_init.o)
 .debug_info    0x000000000000336f      0x319 //files.auckland.ac.nz/myhome/Documents/GitHub/ddd-mode-pacemaker-303-group-10/lab2/cs303__de2_lab2/lab2_and_scchart_bsp/\libhal_bsp.a(altera_avalon_uart_read.o)
 .debug_info    0x0000000000003688      0x31e //files.auckland.ac.nz/myhome/Documents/GitHub/ddd-mode-pacemaker-303-group-10/lab2/cs303__de2_lab2/lab2_and_scchart_bsp/\libhal_bsp.a(altera_avalon_uart_write.o)
 .debug_info    0x00000000000039a6      0x2cc //files.auckland.ac.nz/myhome/Documents/GitHub/ddd-mode-pacemaker-303-group-10/lab2/cs303__de2_lab2/lab2_and_scchart_bsp/\libhal_bsp.a(alt_alarm_start.o)
 .debug_info    0x0000000000003c72      0x321 //files.auckland.ac.nz/myhome/Documents/GitHub/ddd-mode-pacemaker-303-group-10/lab2/cs303__de2_lab2/lab2_and_scchart_bsp/\libhal_bsp.a(alt_close.o)
 .debug_info    0x0000000000003f93       0xa5 //files.auckland.ac.nz/myhome/Documents/GitHub/ddd-mode-pacemaker-303-group-10/lab2/cs303__de2_lab2/lab2_and_scchart_bsp/\libhal_bsp.a(alt_dcache_flush_all.o)
 .debug_info    0x0000000000004038      0x49c //files.auckland.ac.nz/myhome/Documents/GitHub/ddd-mode-pacemaker-303-group-10/lab2/cs303__de2_lab2/lab2_and_scchart_bsp/\libhal_bsp.a(alt_dev.o)
 .debug_info    0x00000000000044d4      0x1a9 //files.auckland.ac.nz/myhome/Documents/GitHub/ddd-mode-pacemaker-303-group-10/lab2/cs303__de2_lab2/lab2_and_scchart_bsp/\libhal_bsp.a(alt_dev_llist_insert.o)
 .debug_info    0x000000000000467d       0x83 //files.auckland.ac.nz/myhome/Documents/GitHub/ddd-mode-pacemaker-303-group-10/lab2/cs303__de2_lab2/lab2_and_scchart_bsp/\libhal_bsp.a(alt_do_ctors.o)
 .debug_info    0x0000000000004700       0x83 //files.auckland.ac.nz/myhome/Documents/GitHub/ddd-mode-pacemaker-303-group-10/lab2/cs303__de2_lab2/lab2_and_scchart_bsp/\libhal_bsp.a(alt_do_dtors.o)
 .debug_info    0x0000000000004783       0xa6 //files.auckland.ac.nz/myhome/Documents/GitHub/ddd-mode-pacemaker-303-group-10/lab2/cs303__de2_lab2/lab2_and_scchart_bsp/\libhal_bsp.a(alt_errno.o)
 .debug_info    0x0000000000004829       0x92 //files.auckland.ac.nz/myhome/Documents/GitHub/ddd-mode-pacemaker-303-group-10/lab2/cs303__de2_lab2/lab2_and_scchart_bsp/\libhal_bsp.a(alt_icache_flush_all.o)
 .debug_info    0x00000000000048bb      0x350 //files.auckland.ac.nz/myhome/Documents/GitHub/ddd-mode-pacemaker-303-group-10/lab2/cs303__de2_lab2/lab2_and_scchart_bsp/\libhal_bsp.a(alt_iic.o)
 .debug_info    0x0000000000004c0b      0x1ef //files.auckland.ac.nz/myhome/Documents/GitHub/ddd-mode-pacemaker-303-group-10/lab2/cs303__de2_lab2/lab2_and_scchart_bsp/\libhal_bsp.a(alt_iic_isr_register.o)
 .debug_info    0x0000000000004dfa      0x4a5 //files.auckland.ac.nz/myhome/Documents/GitHub/ddd-mode-pacemaker-303-group-10/lab2/cs303__de2_lab2/lab2_and_scchart_bsp/\libhal_bsp.a(alt_io_redirect.o)
 .debug_info    0x000000000000529f       0xb6 //files.auckland.ac.nz/myhome/Documents/GitHub/ddd-mode-pacemaker-303-group-10/lab2/cs303__de2_lab2/lab2_and_scchart_bsp/\libhal_bsp.a(alt_irq_entry.o)
 .debug_info    0x0000000000005355      0x187 //files.auckland.ac.nz/myhome/Documents/GitHub/ddd-mode-pacemaker-303-group-10/lab2/cs303__de2_lab2/lab2_and_scchart_bsp/\libhal_bsp.a(alt_irq_handler.o)
 .debug_info    0x00000000000054dc       0x88 //files.auckland.ac.nz/myhome/Documents/GitHub/ddd-mode-pacemaker-303-group-10/lab2/cs303__de2_lab2/lab2_and_scchart_bsp/\libhal_bsp.a(alt_irq_vars.o)
 .debug_info    0x0000000000005564      0x3bb //files.auckland.ac.nz/myhome/Documents/GitHub/ddd-mode-pacemaker-303-group-10/lab2/cs303__de2_lab2/lab2_and_scchart_bsp/\libhal_bsp.a(alt_open.o)
 .debug_info    0x000000000000591f      0x2b0 //files.auckland.ac.nz/myhome/Documents/GitHub/ddd-mode-pacemaker-303-group-10/lab2/cs303__de2_lab2/lab2_and_scchart_bsp/\libhal_bsp.a(alt_release_fd.o)
 .debug_info    0x0000000000005bcf      0x299 //files.auckland.ac.nz/myhome/Documents/GitHub/ddd-mode-pacemaker-303-group-10/lab2/cs303__de2_lab2/lab2_and_scchart_bsp/\libhal_bsp.a(alt_tick.o)
 .debug_info    0x0000000000005e68       0xb0 //files.auckland.ac.nz/myhome/Documents/GitHub/ddd-mode-pacemaker-303-group-10/lab2/cs303__de2_lab2/lab2_and_scchart_bsp/\libhal_bsp.a(alt_usleep.o)
 .debug_info    0x0000000000005f18       0x92 //files.auckland.ac.nz/myhome/Documents/GitHub/ddd-mode-pacemaker-303-group-10/lab2/cs303__de2_lab2/lab2_and_scchart_bsp/\libhal_bsp.a(altera_nios2_gen2_irq.o)
 .debug_info    0x0000000000005faa       0xd7 //files.auckland.ac.nz/myhome/Documents/GitHub/ddd-mode-pacemaker-303-group-10/lab2/cs303__de2_lab2/lab2_and_scchart_bsp/\libhal_bsp.a(alt_busy_sleep.o)
 .debug_info    0x0000000000006081       0xbc //files.auckland.ac.nz/myhome/Documents/GitHub/ddd-mode-pacemaker-303-group-10/lab2/cs303__de2_lab2/lab2_and_scchart_bsp/\libhal_bsp.a(alt_exception_entry.o)
 .debug_info    0x000000000000613d      0x2e9 //files.auckland.ac.nz/myhome/Documents/GitHub/ddd-mode-pacemaker-303-group-10/lab2/cs303__de2_lab2/lab2_and_scchart_bsp/\libhal_bsp.a(alt_find_dev.o)
 .debug_info    0x0000000000006426      0x2e6 //files.auckland.ac.nz/myhome/Documents/GitHub/ddd-mode-pacemaker-303-group-10/lab2/cs303__de2_lab2/lab2_and_scchart_bsp/\libhal_bsp.a(alt_find_file.o)
 .debug_info    0x000000000000670c      0x310 //files.auckland.ac.nz/myhome/Documents/GitHub/ddd-mode-pacemaker-303-group-10/lab2/cs303__de2_lab2/lab2_and_scchart_bsp/\libhal_bsp.a(alt_get_fd.o)
 .debug_info    0x0000000000006a1c       0xdc //files.auckland.ac.nz/myhome/Documents/GitHub/ddd-mode-pacemaker-303-group-10/lab2/cs303__de2_lab2/lab2_and_scchart_bsp/\libhal_bsp.a(alt_icache_flush.o)
 .debug_info    0x0000000000006af8      0x1e7 //files.auckland.ac.nz/myhome/Documents/GitHub/ddd-mode-pacemaker-303-group-10/lab2/cs303__de2_lab2/lab2_and_scchart_bsp/\libhal_bsp.a(alt_instruction_exception_entry.o)
 .debug_info    0x0000000000006cdf       0xfe c:/intelfpga/18.1/nios2eds/bin/gnu/h-x86_64-mingw32/bin/../lib/gcc/nios2-elf/5.3.0/../../../../../H-x86_64-mingw32/nios2-elf/lib\libc.a(lib_a-atexit.o)
 .debug_info    0x0000000000006ddd       0x96 c:/intelfpga/18.1/nios2eds/bin/gnu/h-x86_64-mingw32/bin/../lib/gcc/nios2-elf/5.3.0/../../../../../H-x86_64-mingw32/nios2-elf/lib\libc.a(lib_a-ctype_.o)
 .debug_info    0x0000000000006e73      0x8e4 c:/intelfpga/18.1/nios2eds/bin/gnu/h-x86_64-mingw32/bin/../lib/gcc/nios2-elf/5.3.0/../../../../../H-x86_64-mingw32/nios2-elf/lib\libc.a(lib_a-exit.o)
 .debug_info    0x0000000000007757      0x8a1 c:/intelfpga/18.1/nios2eds/bin/gnu/h-x86_64-mingw32/bin/../lib/gcc/nios2-elf/5.3.0/../../../../../H-x86_64-mingw32/nios2-elf/lib\libc.a(lib_a-impure.o)
 .debug_info    0x0000000000007ff8       0x8a c:/intelfpga/18.1/nios2eds/bin/gnu/h-x86_64-mingw32/bin/../lib/gcc/nios2-elf/5.3.0/../../../../../H-x86_64-mingw32/nios2-elf/lib\libc.a(lib_a-int_errno.o)
 .debug_info    0x0000000000008082      0x11a c:/intelfpga/18.1/nios2eds/bin/gnu/h-x86_64-mingw32/bin/../lib/gcc/nios2-elf/5.3.0/../../../../../H-x86_64-mingw32/nios2-elf/lib\libc.a(lib_a-memcmp.o)
 .debug_info    0x000000000000819c      0x144 c:/intelfpga/18.1/nios2eds/bin/gnu/h-x86_64-mingw32/bin/../lib/gcc/nios2-elf/5.3.0/../../../../../H-x86_64-mingw32/nios2-elf/lib\libc.a(lib_a-memcpy.o)
 .debug_info    0x00000000000082e0      0x121 c:/intelfpga/18.1/nios2eds/bin/gnu/h-x86_64-mingw32/bin/../lib/gcc/nios2-elf/5.3.0/../../../../../H-x86_64-mingw32/nios2-elf/lib\libc.a(lib_a-memset.o)
 .debug_info    0x0000000000008401       0xe2 c:/intelfpga/18.1/nios2eds/bin/gnu/h-x86_64-mingw32/bin/../lib/gcc/nios2-elf/5.3.0/../../../../../H-x86_64-mingw32/nios2-elf/lib\libc.a(lib_a-strlen.o)
 .debug_info    0x00000000000084e3      0x934 c:/intelfpga/18.1/nios2eds/bin/gnu/h-x86_64-mingw32/bin/../lib/gcc/nios2-elf/5.3.0/../../../../../H-x86_64-mingw32/nios2-elf/lib\libc.a(lib_a-__atexit.o)
 .debug_info    0x0000000000008e17      0x965 c:/intelfpga/18.1/nios2eds/bin/gnu/h-x86_64-mingw32/bin/../lib/gcc/nios2-elf/5.3.0/../../../../../H-x86_64-mingw32/nios2-elf/lib\libc.a(lib_a-__call_atexit.o)
 .debug_info    0x000000000000977c      0x2c6 c:/intelfpga/18.1/nios2eds/bin/gnu/h-x86_64-mingw32/bin/../lib/gcc/nios2-elf/5.3.0\libgcc.a(lib2-divmod.o)
 .debug_info    0x0000000000009a42       0xec //files.auckland.ac.nz/myhome/Documents/GitHub/ddd-mode-pacemaker-303-group-10/lab2/cs303__de2_lab2/lab2_and_scchart_bsp/\libhal_bsp.a(alt_exit.o)

.debug_abbrev   0x0000000000000000     0x3698
 *(.debug_abbrev)
 .debug_abbrev  0x0000000000000000       0x12 //files.auckland.ac.nz/myhome/Documents/GitHub/ddd-mode-pacemaker-303-group-10/lab2/cs303__de2_lab2/lab2_and_scchart_bsp//obj/HAL/src/crt0.o
 .debug_abbrev  0x0000000000000012       0x89 obj/default/hello_world.o
 .debug_abbrev  0x000000000000009b       0x9f //files.auckland.ac.nz/myhome/Documents/GitHub/ddd-mode-pacemaker-303-group-10/lab2/cs303__de2_lab2/lab2_and_scchart_bsp/\libhal_bsp.a(alt_load.o)
 .debug_abbrev  0x000000000000013a       0xba //files.auckland.ac.nz/myhome/Documents/GitHub/ddd-mode-pacemaker-303-group-10/lab2/cs303__de2_lab2/lab2_and_scchart_bsp/\libhal_bsp.a(alt_main.o)
 .debug_abbrev  0x00000000000001f4      0x19f //files.auckland.ac.nz/myhome/Documents/GitHub/ddd-mode-pacemaker-303-group-10/lab2/cs303__de2_lab2/lab2_and_scchart_bsp/\libhal_bsp.a(alt_sys_init.o)
 .debug_abbrev  0x0000000000000393      0x127 //files.auckland.ac.nz/myhome/Documents/GitHub/ddd-mode-pacemaker-303-group-10/lab2/cs303__de2_lab2/lab2_and_scchart_bsp/\libhal_bsp.a(altera_avalon_jtag_uart_fd.o)
 .debug_abbrev  0x00000000000004ba      0x19e //files.auckland.ac.nz/myhome/Documents/GitHub/ddd-mode-pacemaker-303-group-10/lab2/cs303__de2_lab2/lab2_and_scchart_bsp/\libhal_bsp.a(altera_avalon_jtag_uart_init.o)
 .debug_abbrev  0x0000000000000658      0x111 //files.auckland.ac.nz/myhome/Documents/GitHub/ddd-mode-pacemaker-303-group-10/lab2/cs303__de2_lab2/lab2_and_scchart_bsp/\libhal_bsp.a(altera_avalon_jtag_uart_ioctl.o)
 .debug_abbrev  0x0000000000000769      0x1aa //files.auckland.ac.nz/myhome/Documents/GitHub/ddd-mode-pacemaker-303-group-10/lab2/cs303__de2_lab2/lab2_and_scchart_bsp/\libhal_bsp.a(altera_avalon_jtag_uart_read.o)